Archive member included to satisfy reference by file (symbol)

C:/devkitPro/libtonc/lib\libtonc.a(tonc_irq.o)
                              main.o (irq_init)
C:/devkitPro/libtonc/lib\libtonc.a(tonc_oam.o)
                              main.o (oam_init)
C:/devkitPro/libtonc/lib\libtonc.a(tonc_input.o)
                              main.o (key_poll)
C:/devkitPro/libtonc/lib\libtonc.a(tte_init_chr4c.o)
                              main.o (tte_init_chr4c)
C:/devkitPro/libtonc/lib\libtonc.a(tte_main.o)
                              C:/devkitPro/libtonc/lib\libtonc.a(tte_init_chr4c.o) (tte_init_base)
C:/devkitPro/libtonc/lib\libtonc.a(chr4c_drawg_b1cts.o)
                              C:/devkitPro/libtonc/lib\libtonc.a(tte_init_chr4c.o) (chr4c_drawg_b1cts)
C:/devkitPro/libtonc/lib\libtonc.a(tonc_bios.o)
                              C:/devkitPro/libtonc/lib\libtonc.a(tonc_input.o) (VBlankIntrWait)
C:/devkitPro/libtonc/lib\libtonc.a(tonc_memcpy.o)
                              main.o (memcpy32)
C:/devkitPro/libtonc/lib\libtonc.a(tonc_bios_ex.o)
                              C:/devkitPro/libtonc/lib\libtonc.a(tte_main.o) (VBlankIntrDelay)
C:/devkitPro/libtonc/lib\libtonc.a(tonc_isr_master.o)
                              C:/devkitPro/libtonc/lib\libtonc.a(tonc_irq.o) (isr_master)
C:/devkitPro/libtonc/lib\libtonc.a(tonc_memset.o)
                              C:/devkitPro/libtonc/lib\libtonc.a(tonc_irq.o) (memset32)
C:/devkitPro/libtonc/lib\libtonc.a(verdana9.o)
                              main.o (verdana9Font)
C:/devkitPro/libtonc/lib\libtonc.a(sys8.o)
                              C:/devkitPro/libtonc/lib\libtonc.a(tte_main.o) (sys8Font)
C:/devkitPro/libtonc/lib\libtonc.a(tonc_schr4c.o)
                              C:/devkitPro/libtonc/lib\libtonc.a(tte_init_chr4c.o) (schr4c_rect)
C:/devkitPro/libtonc/lib\libtonc.a(tonc_surface.o)
                              C:/devkitPro/libtonc/lib\libtonc.a(tte_init_chr4c.o) (srf_init)
c:/devkitpro/devkitarm/bin/../lib/gcc/arm-none-eabi/12.2.0/thumb\libgcc.a(_divsi3.o)
                              C:/devkitPro/libtonc/lib\libtonc.a(tte_main.o) (__aeabi_idiv)
c:/devkitpro/devkitarm/bin/../lib/gcc/arm-none-eabi/12.2.0/thumb\libgcc.a(_dvmd_tls.o)
                              c:/devkitpro/devkitarm/bin/../lib/gcc/arm-none-eabi/12.2.0/thumb\libgcc.a(_divsi3.o) (__aeabi_idiv0)
c:/devkitpro/devkitarm/bin/../lib/gcc/arm-none-eabi/12.2.0/../../../../arm-none-eabi/lib/thumb\libg.a(lib_a-ctype_.o)
                              C:/devkitPro/libtonc/lib\libtonc.a(tte_main.o) (_ctype_)
c:/devkitpro/devkitarm/bin/../lib/gcc/arm-none-eabi/12.2.0/../../../../arm-none-eabi/lib/thumb\libg.a(lib_a-init.o)
                              c:/devkitpro/devkitarm/bin/../lib/gcc/arm-none-eabi/12.2.0/../../../../arm-none-eabi/lib/thumb/gba_crt0.o (__libc_init_array)
c:/devkitpro/devkitarm/bin/../lib/gcc/arm-none-eabi/12.2.0/../../../../arm-none-eabi/lib/thumb\libg.a(lib_a-memset.o)
                              C:/devkitPro/libtonc/lib\libtonc.a(tte_main.o) (memset)
c:/devkitpro/devkitarm/bin/../lib/gcc/arm-none-eabi/12.2.0/../../../../arm-none-eabi/lib/thumb\libg.a(lib_a-strtol.o)
                              C:/devkitPro/libtonc/lib\libtonc.a(tte_main.o) (strtol)
c:/devkitpro/devkitarm/bin/../lib/gcc/arm-none-eabi/12.2.0/../../../../arm-none-eabi/lib/thumb\libg.a(lib_a-errno.o)
                              c:/devkitpro/devkitarm/bin/../lib/gcc/arm-none-eabi/12.2.0/../../../../arm-none-eabi/lib/thumb\libg.a(lib_a-strtol.o) (__errno)
c:/devkitpro/devkitarm/bin/../lib/gcc/arm-none-eabi/12.2.0/../../../../arm-none-eabi/lib/thumb\libsysbase.a(malloc_vars.o)
                              c:/devkitpro/devkitarm/bin/../lib/gcc/arm-none-eabi/12.2.0/../../../../arm-none-eabi/lib/thumb/gba_crt0.o (fake_heap_end)
c:/devkitpro/devkitarm/bin/../lib/gcc/arm-none-eabi/12.2.0/../../../../arm-none-eabi/lib/thumb\libsysbase.a(getreent.o)
                              c:/devkitpro/devkitarm/bin/../lib/gcc/arm-none-eabi/12.2.0/../../../../arm-none-eabi/lib/thumb\libg.a(lib_a-strtol.o) (__getreent)
c:/devkitpro/devkitarm/bin/../lib/gcc/arm-none-eabi/12.2.0/thumb\libgcc.a(_udivsi3.o)
                              c:/devkitpro/devkitarm/bin/../lib/gcc/arm-none-eabi/12.2.0/../../../../arm-none-eabi/lib/thumb\libg.a(lib_a-strtol.o) (__aeabi_uidivmod)
c:/devkitpro/devkitarm/bin/../lib/gcc/arm-none-eabi/12.2.0/../../../../arm-none-eabi/lib/thumb\libg.a(lib_a-impure.o)
                              c:/devkitpro/devkitarm/bin/../lib/gcc/arm-none-eabi/12.2.0/../../../../arm-none-eabi/lib/thumb\libsysbase.a(getreent.o) (_impure_ptr)

Allocating common symbols
Common symbol       size              file

__isr_table         0x78              C:/devkitPro/libtonc/lib\libtonc.a(tonc_irq.o)
__tte_main_context  0x48              C:/devkitPro/libtonc/lib\libtonc.a(tte_main.o)

Discarded input sections

 .text          0x0000000000000000        0x0 c:/devkitpro/devkitarm/bin/../lib/gcc/arm-none-eabi/12.2.0/../../../../arm-none-eabi/lib/thumb/gba_crt0.o
 .data          0x0000000000000000        0x0 c:/devkitpro/devkitarm/bin/../lib/gcc/arm-none-eabi/12.2.0/../../../../arm-none-eabi/lib/thumb/gba_crt0.o
 .bss           0x0000000000000000        0x0 c:/devkitpro/devkitarm/bin/../lib/gcc/arm-none-eabi/12.2.0/../../../../arm-none-eabi/lib/thumb/gba_crt0.o
 .text          0x0000000000000000        0x0 c:/devkitpro/devkitarm/bin/../lib/gcc/arm-none-eabi/12.2.0/thumb/crti.o
 .data          0x0000000000000000        0x0 c:/devkitpro/devkitarm/bin/../lib/gcc/arm-none-eabi/12.2.0/thumb/crti.o
 .bss           0x0000000000000000        0x0 c:/devkitpro/devkitarm/bin/../lib/gcc/arm-none-eabi/12.2.0/thumb/crti.o
 .text          0x0000000000000000        0x0 c:/devkitpro/devkitarm/bin/../lib/gcc/arm-none-eabi/12.2.0/thumb/crtbegin.o
 .data          0x0000000000000000        0x0 c:/devkitpro/devkitarm/bin/../lib/gcc/arm-none-eabi/12.2.0/thumb/crtbegin.o
 .bss           0x0000000000000000        0x0 c:/devkitpro/devkitarm/bin/../lib/gcc/arm-none-eabi/12.2.0/thumb/crtbegin.o
 .rodata.all_implied_fbits
                0x0000000000000000       0x24 c:/devkitpro/devkitarm/bin/../lib/gcc/arm-none-eabi/12.2.0/thumb/crtbegin.o
 .data.__dso_handle
                0x0000000000000000        0x4 c:/devkitpro/devkitarm/bin/../lib/gcc/arm-none-eabi/12.2.0/thumb/crtbegin.o
 .data          0x0000000000000000        0x4 main.o
 .text          0x0000000000000000        0x0 metr.o
 .data          0x0000000000000000        0x0 metr.o
 .bss           0x0000000000000000        0x0 metr.o
 .data          0x0000000000000000        0x0 C:/devkitPro/libtonc/lib\libtonc.a(tonc_irq.o)
 .bss           0x0000000000000000        0x0 C:/devkitPro/libtonc/lib\libtonc.a(tonc_irq.o)
 .data          0x0000000000000000        0x0 C:/devkitPro/libtonc/lib\libtonc.a(tonc_oam.o)
 .bss           0x0000000000000000        0x0 C:/devkitPro/libtonc/lib\libtonc.a(tonc_oam.o)
 .data          0x0000000000000000        0x0 C:/devkitPro/libtonc/lib\libtonc.a(tte_init_chr4c.o)
 .bss           0x0000000000000000        0x0 C:/devkitPro/libtonc/lib\libtonc.a(tte_init_chr4c.o)
 .bss           0x0000000000000000        0x0 C:/devkitPro/libtonc/lib\libtonc.a(tte_main.o)
 .data          0x0000000000000000        0x0 C:/devkitPro/libtonc/lib\libtonc.a(chr4c_drawg_b1cts.o)
 .bss           0x0000000000000000        0x0 C:/devkitPro/libtonc/lib\libtonc.a(chr4c_drawg_b1cts.o)
 .data          0x0000000000000000        0x0 C:/devkitPro/libtonc/lib\libtonc.a(tonc_bios.o)
 .bss           0x0000000000000000        0x0 C:/devkitPro/libtonc/lib\libtonc.a(tonc_bios.o)
 .data          0x0000000000000000        0x0 C:/devkitPro/libtonc/lib\libtonc.a(tonc_memcpy.o)
 .bss           0x0000000000000000        0x0 C:/devkitPro/libtonc/lib\libtonc.a(tonc_memcpy.o)
 .data          0x0000000000000000        0x0 C:/devkitPro/libtonc/lib\libtonc.a(tonc_bios_ex.o)
 .bss           0x0000000000000000        0x0 C:/devkitPro/libtonc/lib\libtonc.a(tonc_bios_ex.o)
 .text          0x0000000000000000        0x0 C:/devkitPro/libtonc/lib\libtonc.a(tonc_isr_master.o)
 .data          0x0000000000000000        0x0 C:/devkitPro/libtonc/lib\libtonc.a(tonc_isr_master.o)
 .bss           0x0000000000000000        0x0 C:/devkitPro/libtonc/lib\libtonc.a(tonc_isr_master.o)
 .text          0x0000000000000000       0x3c C:/devkitPro/libtonc/lib\libtonc.a(tonc_memset.o)
 .data          0x0000000000000000        0x0 C:/devkitPro/libtonc/lib\libtonc.a(tonc_memset.o)
 .bss           0x0000000000000000        0x0 C:/devkitPro/libtonc/lib\libtonc.a(tonc_memset.o)
 .text          0x0000000000000000        0x0 C:/devkitPro/libtonc/lib\libtonc.a(verdana9.o)
 .data          0x0000000000000000        0x0 C:/devkitPro/libtonc/lib\libtonc.a(verdana9.o)
 .bss           0x0000000000000000        0x0 C:/devkitPro/libtonc/lib\libtonc.a(verdana9.o)
 .text          0x0000000000000000        0x0 C:/devkitPro/libtonc/lib\libtonc.a(sys8.o)
 .data          0x0000000000000000        0x0 C:/devkitPro/libtonc/lib\libtonc.a(sys8.o)
 .bss           0x0000000000000000        0x0 C:/devkitPro/libtonc/lib\libtonc.a(sys8.o)
 .data          0x0000000000000000        0x0 C:/devkitPro/libtonc/lib\libtonc.a(tonc_schr4c.o)
 .bss           0x0000000000000000        0x0 C:/devkitPro/libtonc/lib\libtonc.a(tonc_schr4c.o)
 .rodata        0x0000000000000000       0x28 C:/devkitPro/libtonc/lib\libtonc.a(tonc_schr4c.o)
 .rodata.str1.4
                0x0000000000000000        0x6 C:/devkitPro/libtonc/lib\libtonc.a(tonc_schr4c.o)
 .data          0x0000000000000000        0x0 C:/devkitPro/libtonc/lib\libtonc.a(tonc_surface.o)
 .bss           0x0000000000000000        0x0 C:/devkitPro/libtonc/lib\libtonc.a(tonc_surface.o)
 .data          0x0000000000000000        0x0 c:/devkitpro/devkitarm/bin/../lib/gcc/arm-none-eabi/12.2.0/thumb\libgcc.a(_divsi3.o)
 .bss           0x0000000000000000        0x0 c:/devkitpro/devkitarm/bin/../lib/gcc/arm-none-eabi/12.2.0/thumb\libgcc.a(_divsi3.o)
 .data          0x0000000000000000        0x0 c:/devkitpro/devkitarm/bin/../lib/gcc/arm-none-eabi/12.2.0/thumb\libgcc.a(_dvmd_tls.o)
 .bss           0x0000000000000000        0x0 c:/devkitpro/devkitarm/bin/../lib/gcc/arm-none-eabi/12.2.0/thumb\libgcc.a(_dvmd_tls.o)
 .text          0x0000000000000000        0x0 c:/devkitpro/devkitarm/bin/../lib/gcc/arm-none-eabi/12.2.0/../../../../arm-none-eabi/lib/thumb\libg.a(lib_a-ctype_.o)
 .data          0x0000000000000000        0x0 c:/devkitpro/devkitarm/bin/../lib/gcc/arm-none-eabi/12.2.0/../../../../arm-none-eabi/lib/thumb\libg.a(lib_a-ctype_.o)
 .bss           0x0000000000000000        0x0 c:/devkitpro/devkitarm/bin/../lib/gcc/arm-none-eabi/12.2.0/../../../../arm-none-eabi/lib/thumb\libg.a(lib_a-ctype_.o)
 .text.__set_ctype
                0x0000000000000000        0xc c:/devkitpro/devkitarm/bin/../lib/gcc/arm-none-eabi/12.2.0/../../../../arm-none-eabi/lib/thumb\libg.a(lib_a-ctype_.o)
 .text          0x0000000000000000        0x0 c:/devkitpro/devkitarm/bin/../lib/gcc/arm-none-eabi/12.2.0/../../../../arm-none-eabi/lib/thumb\libg.a(lib_a-init.o)
 .data          0x0000000000000000        0x0 c:/devkitpro/devkitarm/bin/../lib/gcc/arm-none-eabi/12.2.0/../../../../arm-none-eabi/lib/thumb\libg.a(lib_a-init.o)
 .bss           0x0000000000000000        0x0 c:/devkitpro/devkitarm/bin/../lib/gcc/arm-none-eabi/12.2.0/../../../../arm-none-eabi/lib/thumb\libg.a(lib_a-init.o)
 .text          0x0000000000000000        0x0 c:/devkitpro/devkitarm/bin/../lib/gcc/arm-none-eabi/12.2.0/../../../../arm-none-eabi/lib/thumb\libg.a(lib_a-memset.o)
 .data          0x0000000000000000        0x0 c:/devkitpro/devkitarm/bin/../lib/gcc/arm-none-eabi/12.2.0/../../../../arm-none-eabi/lib/thumb\libg.a(lib_a-memset.o)
 .bss           0x0000000000000000        0x0 c:/devkitpro/devkitarm/bin/../lib/gcc/arm-none-eabi/12.2.0/../../../../arm-none-eabi/lib/thumb\libg.a(lib_a-memset.o)
 .text          0x0000000000000000        0x0 c:/devkitpro/devkitarm/bin/../lib/gcc/arm-none-eabi/12.2.0/../../../../arm-none-eabi/lib/thumb\libg.a(lib_a-strtol.o)
 .data          0x0000000000000000        0x0 c:/devkitpro/devkitarm/bin/../lib/gcc/arm-none-eabi/12.2.0/../../../../arm-none-eabi/lib/thumb\libg.a(lib_a-strtol.o)
 .bss           0x0000000000000000        0x0 c:/devkitpro/devkitarm/bin/../lib/gcc/arm-none-eabi/12.2.0/../../../../arm-none-eabi/lib/thumb\libg.a(lib_a-strtol.o)
 .text._strtol_r
                0x0000000000000000       0x20 c:/devkitpro/devkitarm/bin/../lib/gcc/arm-none-eabi/12.2.0/../../../../arm-none-eabi/lib/thumb\libg.a(lib_a-strtol.o)
 .text.strtol_l
                0x0000000000000000       0x30 c:/devkitpro/devkitarm/bin/../lib/gcc/arm-none-eabi/12.2.0/../../../../arm-none-eabi/lib/thumb\libg.a(lib_a-strtol.o)
 .text          0x0000000000000000        0x0 c:/devkitpro/devkitarm/bin/../lib/gcc/arm-none-eabi/12.2.0/../../../../arm-none-eabi/lib/thumb\libg.a(lib_a-errno.o)
 .data          0x0000000000000000        0x0 c:/devkitpro/devkitarm/bin/../lib/gcc/arm-none-eabi/12.2.0/../../../../arm-none-eabi/lib/thumb\libg.a(lib_a-errno.o)
 .bss           0x0000000000000000        0x0 c:/devkitpro/devkitarm/bin/../lib/gcc/arm-none-eabi/12.2.0/../../../../arm-none-eabi/lib/thumb\libg.a(lib_a-errno.o)
 .text          0x0000000000000000        0x0 c:/devkitpro/devkitarm/bin/../lib/gcc/arm-none-eabi/12.2.0/../../../../arm-none-eabi/lib/thumb\libsysbase.a(malloc_vars.o)
 .data          0x0000000000000000        0x0 c:/devkitpro/devkitarm/bin/../lib/gcc/arm-none-eabi/12.2.0/../../../../arm-none-eabi/lib/thumb\libsysbase.a(malloc_vars.o)
 .bss           0x0000000000000000        0x0 c:/devkitpro/devkitarm/bin/../lib/gcc/arm-none-eabi/12.2.0/../../../../arm-none-eabi/lib/thumb\libsysbase.a(malloc_vars.o)
 .bss.fake_heap_start
                0x0000000000000000        0x4 c:/devkitpro/devkitarm/bin/../lib/gcc/arm-none-eabi/12.2.0/../../../../arm-none-eabi/lib/thumb\libsysbase.a(malloc_vars.o)
 .text          0x0000000000000000        0x0 c:/devkitpro/devkitarm/bin/../lib/gcc/arm-none-eabi/12.2.0/../../../../arm-none-eabi/lib/thumb\libsysbase.a(getreent.o)
 .data          0x0000000000000000        0x0 c:/devkitpro/devkitarm/bin/../lib/gcc/arm-none-eabi/12.2.0/../../../../arm-none-eabi/lib/thumb\libsysbase.a(getreent.o)
 .bss           0x0000000000000000        0x0 c:/devkitpro/devkitarm/bin/../lib/gcc/arm-none-eabi/12.2.0/../../../../arm-none-eabi/lib/thumb\libsysbase.a(getreent.o)
 .data          0x0000000000000000        0x0 c:/devkitpro/devkitarm/bin/../lib/gcc/arm-none-eabi/12.2.0/thumb\libgcc.a(_udivsi3.o)
 .bss           0x0000000000000000        0x0 c:/devkitpro/devkitarm/bin/../lib/gcc/arm-none-eabi/12.2.0/thumb\libgcc.a(_udivsi3.o)
 .text          0x0000000000000000        0x0 c:/devkitpro/devkitarm/bin/../lib/gcc/arm-none-eabi/12.2.0/../../../../arm-none-eabi/lib/thumb\libg.a(lib_a-impure.o)
 .data          0x0000000000000000        0x0 c:/devkitpro/devkitarm/bin/../lib/gcc/arm-none-eabi/12.2.0/../../../../arm-none-eabi/lib/thumb\libg.a(lib_a-impure.o)
 .bss           0x0000000000000000        0x0 c:/devkitpro/devkitarm/bin/../lib/gcc/arm-none-eabi/12.2.0/../../../../arm-none-eabi/lib/thumb\libg.a(lib_a-impure.o)
 .rodata._global_impure_ptr
                0x0000000000000000        0x4 c:/devkitpro/devkitarm/bin/../lib/gcc/arm-none-eabi/12.2.0/../../../../arm-none-eabi/lib/thumb\libg.a(lib_a-impure.o)
 .text          0x0000000000000000        0x0 c:/devkitpro/devkitarm/bin/../lib/gcc/arm-none-eabi/12.2.0/thumb/crtend.o
 .data          0x0000000000000000        0x0 c:/devkitpro/devkitarm/bin/../lib/gcc/arm-none-eabi/12.2.0/thumb/crtend.o
 .bss           0x0000000000000000        0x0 c:/devkitpro/devkitarm/bin/../lib/gcc/arm-none-eabi/12.2.0/thumb/crtend.o
 .rodata.all_implied_fbits
                0x0000000000000000       0x24 c:/devkitpro/devkitarm/bin/../lib/gcc/arm-none-eabi/12.2.0/thumb/crtend.o
 .text          0x0000000000000000        0x0 c:/devkitpro/devkitarm/bin/../lib/gcc/arm-none-eabi/12.2.0/thumb/crtn.o
 .data          0x0000000000000000        0x0 c:/devkitpro/devkitarm/bin/../lib/gcc/arm-none-eabi/12.2.0/thumb/crtn.o
 .bss           0x0000000000000000        0x0 c:/devkitpro/devkitarm/bin/../lib/gcc/arm-none-eabi/12.2.0/thumb/crtn.o

Memory Configuration

Name             Origin             Length             Attributes
rom              0x0000000008000000 0x0000000002000000
iwram            0x0000000003000000 0x0000000000008000
ewram            0x0000000002000000 0x0000000000040000
*default*        0x0000000000000000 0xffffffffffffffff

Linker script and memory map

                0x0000000008000000                __text_start = ORIGIN (rom)
                0x0000000002040000                __eheap_end = (ORIGIN (ewram) + LENGTH (ewram))
                0x0000000003000000                __iwram_start = ORIGIN (iwram)
                0x0000000003008000                __iwram_top = (ORIGIN (iwram) + LENGTH (iwram))
                0x0000000003007fa0                __sp_irq = (__iwram_top - 0x60)
                0x0000000003007f00                __sp_usr = (__sp_irq - 0xa0)
                0x0000000003007ff8                __irq_flags = 0x3007ff8
                0x0000000008000000                . = __text_start

.crt0           0x0000000008000000      0x210
 *(.crt0)
 .crt0          0x0000000008000000      0x210 c:/devkitpro/devkitarm/bin/../lib/gcc/arm-none-eabi/12.2.0/../../../../arm-none-eabi/lib/thumb/gba_crt0.o
                0x0000000008000000                _start
                0x00000000080000c4                __boot_method
                0x00000000080000c5                __slave_number
                0x00000000080000e0                start_vector
                0x0000000008000210                . = ALIGN (0x4)

.init           0x0000000008000210        0xc
 *(SORT_NONE(.init))
 .init          0x0000000008000210        0x4 c:/devkitpro/devkitarm/bin/../lib/gcc/arm-none-eabi/12.2.0/thumb/crti.o
                0x0000000008000210                _init
 .init          0x0000000008000214        0x8 c:/devkitpro/devkitarm/bin/../lib/gcc/arm-none-eabi/12.2.0/thumb/crtn.o

.plt            0x000000000800021c        0x0
 *(.plt)
                0x000000000800021c                . = ALIGN (0x4)

.text           0x0000000008000220     0x23a8
 *(EXCLUDE_FILE(*.iwram*) .text*)
 .text.__do_global_dtors_aux
                0x0000000008000220       0x2c c:/devkitpro/devkitarm/bin/../lib/gcc/arm-none-eabi/12.2.0/thumb/crtbegin.o
 .text.frame_dummy
                0x000000000800024c       0x24 c:/devkitpro/devkitarm/bin/../lib/gcc/arm-none-eabi/12.2.0/thumb/crtbegin.o
 .text          0x0000000008000270       0x60 main.o
                0x0000000008000270                load_sprite
 .text.startup  0x00000000080002d0      0x108 main.o
                0x00000000080002d0                main
 .text          0x00000000080003d8      0x354 C:/devkitPro/libtonc/lib\libtonc.a(tonc_irq.o)
                0x00000000080003d8                irq_init
                0x000000000800041c                irq_set_master
                0x0000000008000448                irq_set
                0x0000000008000570                irq_add
                0x00000000080005e8                irq_delete
                0x000000000800069c                irq_enable
                0x00000000080006e4                irq_disable
 .text          0x000000000800072c       0xbc C:/devkitPro/libtonc/lib\libtonc.a(tonc_oam.o)
                0x000000000800072c                oam_init
                0x0000000008000774                obj_copy
                0x0000000008000794                obj_hide_multi
                0x00000000080007bc                obj_unhide_multi
 .text          0x00000000080007e8       0xa8 C:/devkitPro/libtonc/lib\libtonc.a(tonc_input.o)
                0x00000000080007e8                key_poll
                0x000000000800083c                key_wait_till_hit
                0x0000000008000860                key_repeat
                0x000000000800086c                key_repeat_mask
                0x000000000800087c                key_repeat_limits
 .text          0x0000000008000890      0x10c C:/devkitPro/libtonc/lib\libtonc.a(tte_init_chr4c.o)
                0x0000000008000890                chr4c_erase
                0x00000000080008b8                tte_init_chr4c
 .text          0x000000000800099c      0x958 C:/devkitPro/libtonc/lib\libtonc.a(tte_main.o)
                0x000000000800099c                dummy_drawg
                0x00000000080009a0                dummy_erase
                0x00000000080009a4                tte_set_context
                0x00000000080009bc                tte_set_color_attr
                0x00000000080009cc                tte_set_color_attrs
                0x00000000080009e8                tte_set_color
                0x0000000008000a08                tte_set_colors
                0x0000000008000a48                tte_init_base
                0x0000000008000adc                utf8_decode_char
                0x0000000008000b90                tte_cmd_skip
                0x0000000008000ba0                tte_cmd_next
                0x0000000008000bd8                tte_putc
                0x0000000008000c28                tte_erase_rect
                0x0000000008000c44                tte_erase_screen
                0x0000000008000c68                tte_erase_line
                0x0000000008000c90                tte_cmd_default
                0x00000000080010e4                tte_write
                0x00000000080011d0                tte_write_ex
                0x0000000008001200                tte_get_text_size
                0x00000000080012d4                tte_set_margins
 .text          0x00000000080012f4      0x134 C:/devkitPro/libtonc/lib\libtonc.a(chr4c_drawg_b1cts.o)
                0x00000000080012f4                chr4c_drawg_b1cts
 .text          0x0000000008001428       0x8c C:/devkitPro/libtonc/lib\libtonc.a(tonc_bios.o)
                0x0000000008001428                SoftReset
                0x000000000800142c                RegisterRamReset
                0x0000000008001430                Halt
                0x0000000008001434                Stop
                0x0000000008001438                IntrWait
                0x000000000800143c                VBlankIntrWait
                0x0000000008001440                Div
                0x0000000008001444                DivArm
                0x0000000008001448                Sqrt
                0x000000000800144c                ArcTan
                0x0000000008001450                ArcTan2
                0x0000000008001454                CpuSet
                0x0000000008001458                CpuFastSet
                0x000000000800145c                BiosCheckSum
                0x0000000008001460                BgAffineSet
                0x0000000008001464                ObjAffineSet
                0x0000000008001468                BitUnPack
                0x000000000800146c                LZ77UnCompWram
                0x0000000008001470                LZ77UnCompVram
                0x0000000008001474                HuffUnComp
                0x0000000008001478                RLUnCompWram
                0x000000000800147c                RLUnCompVram
                0x0000000008001480                Diff8bitUnFilterWram
                0x0000000008001484                Diff8bitUnFilterVram
                0x0000000008001488                Diff16bitUnFilter
                0x000000000800148c                SoundBias
                0x0000000008001490                SoundDriverInit
                0x0000000008001494                SoundDriverMode
                0x0000000008001498                SoundDriverMain
                0x000000000800149c                SoundDriverVSync
                0x00000000080014a0                SoundChannelClear
                0x00000000080014a4                MidiKey2Freq
                0x00000000080014a8                MultiBoot
                0x00000000080014ac                SoundDriverVSyncOff
                0x00000000080014b0                SoundDriverVSyncOn
 .text          0x00000000080014b4       0x44 C:/devkitPro/libtonc/lib\libtonc.a(tonc_memcpy.o)
                0x00000000080014b4                memcpy16
 .text          0x00000000080014f8       0x54 C:/devkitPro/libtonc/lib\libtonc.a(tonc_bios_ex.o)
                0x00000000080014f8                VBlankIntrDelay
                0x0000000008001508                DivSafe
                0x000000000800151c                Mod
                0x0000000008001524                DivAbs
                0x000000000800152c                DivArmMod
                0x0000000008001534                DivArmAbs
                0x000000000800153c                CpuFastFill
 .text          0x000000000800154c      0x9d8 C:/devkitPro/libtonc/lib\libtonc.a(tonc_schr4c.o)
                0x000000000800154c                schr4c_get_pixel
                0x0000000008001574                schr4c_plot
                0x00000000080015a4                schr4c_hline
                0x0000000008001680                schr4c_vline
                0x00000000080016c8                schr4c_blit
                0x00000000080019f8                schr4c_line
                0x0000000008001b84                schr4c_frame
                0x0000000008001c14                schr4c_rect
                0x0000000008001d38                schr4c_prep_map
                0x0000000008001d80                schr4c_get_ptr
                0x0000000008001d90                schr4c_floodfill_internal
                0x0000000008001eec                schr4c_floodfill
 .text          0x0000000008001f24      0x16c C:/devkitPro/libtonc/lib\libtonc.a(tonc_surface.o)
                0x0000000008001f24                srf_init
                0x0000000008001fec                srf_pal_copy
                0x0000000008002014                srf_get_ptr
 .text          0x0000000008002090      0x150 c:/devkitpro/devkitarm/bin/../lib/gcc/arm-none-eabi/12.2.0/thumb\libgcc.a(_divsi3.o)
                0x0000000008002090                __divsi3
                0x0000000008002090                __aeabi_idiv
                0x00000000080021c0                __aeabi_idivmod
 .text          0x00000000080021e0        0x4 c:/devkitpro/devkitarm/bin/../lib/gcc/arm-none-eabi/12.2.0/thumb\libgcc.a(_dvmd_tls.o)
                0x00000000080021e0                __aeabi_idiv0
                0x00000000080021e0                __aeabi_ldiv0
 .text.__libc_init_array
                0x00000000080021e4       0x54 c:/devkitpro/devkitarm/bin/../lib/gcc/arm-none-eabi/12.2.0/../../../../arm-none-eabi/lib/thumb\libg.a(lib_a-init.o)
                0x00000000080021e4                __libc_init_array
 .text.memset   0x0000000008002238       0xb0 c:/devkitpro/devkitarm/bin/../lib/gcc/arm-none-eabi/12.2.0/../../../../arm-none-eabi/lib/thumb\libg.a(lib_a-memset.o)
                0x0000000008002238                memset
 .text._strtol_l.part.0
                0x00000000080022e8      0x144 c:/devkitpro/devkitarm/bin/../lib/gcc/arm-none-eabi/12.2.0/../../../../arm-none-eabi/lib/thumb\libg.a(lib_a-strtol.o)
 .text.strtol   0x000000000800242c       0x30 c:/devkitpro/devkitarm/bin/../lib/gcc/arm-none-eabi/12.2.0/../../../../arm-none-eabi/lib/thumb\libg.a(lib_a-strtol.o)
                0x000000000800242c                strtol
 .text.__errno  0x000000000800245c        0xc c:/devkitpro/devkitarm/bin/../lib/gcc/arm-none-eabi/12.2.0/../../../../arm-none-eabi/lib/thumb\libg.a(lib_a-errno.o)
                0x000000000800245c                __errno
 .text.__getreent
                0x0000000008002468       0x20 c:/devkitpro/devkitarm/bin/../lib/gcc/arm-none-eabi/12.2.0/../../../../arm-none-eabi/lib/thumb\libsysbase.a(getreent.o)
                0x0000000008002468                __getreent
 .text          0x0000000008002488      0x11c c:/devkitpro/devkitarm/bin/../lib/gcc/arm-none-eabi/12.2.0/thumb\libgcc.a(_udivsi3.o)
                0x0000000008002488                __aeabi_uidiv
                0x0000000008002488                __udivsi3
                0x0000000008002584                __aeabi_uidivmod
 *fill*         0x00000000080025a4        0x4 ff
 .text.__stub   0x00000000080025a8       0x1c linker stubs
 *(.gnu.linkonce.t.*)
 *(.text.*personality*)
 *(.gnu.warning)
 *(.glue_7t)
 .glue_7t       0x00000000080025c8        0x0 linker stubs
 *(.glue_7)
 .glue_7        0x00000000080025c8        0x0 linker stubs
 *(.vfp11_veneer)
 .vfp11_veneer  0x00000000080025c8        0x0 linker stubs
                0x00000000080025c8                . = ALIGN (0x4)
                0x00000000080025c8                __text_end = .

.v4_bx          0x00000000080025c8        0x0
 .v4_bx         0x00000000080025c8        0x0 linker stubs

.iplt           0x00000000080025c8        0x0
 .iplt          0x00000000080025c8        0x0 c:/devkitpro/devkitarm/bin/../lib/gcc/arm-none-eabi/12.2.0/../../../../arm-none-eabi/lib/thumb/gba_crt0.o

.fini           0x00000000080025c8        0xc
 *(.fini)
 .fini          0x00000000080025c8        0x4 c:/devkitpro/devkitarm/bin/../lib/gcc/arm-none-eabi/12.2.0/thumb/crti.o
                0x00000000080025c8                _fini
 .fini          0x00000000080025cc        0x8 c:/devkitpro/devkitarm/bin/../lib/gcc/arm-none-eabi/12.2.0/thumb/crtn.o
                0x00000000080025d4                . = ALIGN (0x4)

.rodata         0x00000000080025d4     0x1f5c
 *(.rodata)
 .rodata        0x00000000080025d4      0xa00 metr.o
                0x00000000080025d4                metrTiles
                0x0000000008002dd4                metrPal
 .rodata        0x0000000008002fd4       0x38 C:/devkitPro/libtonc/lib\libtonc.a(tonc_irq.o)
 .rodata        0x000000000800300c      0x1f0 C:/devkitPro/libtonc/lib\libtonc.a(tte_main.o)
 .rodata        0x00000000080031fc      0xef8 C:/devkitPro/libtonc/lib\libtonc.a(verdana9.o)
                0x00000000080031fc                verdana9Font
                0x0000000008003214                verdana9Glyphs
                0x0000000008004014                verdana9Widths
 .rodata        0x00000000080040f4      0x318 C:/devkitPro/libtonc/lib\libtonc.a(sys8.o)
                0x00000000080040f4                sys8Font
                0x000000000800410c                sys8Glyphs
 .rodata        0x000000000800440c       0x1c C:/devkitPro/libtonc/lib\libtonc.a(tonc_surface.o)
 *all.rodata*(*)
 *(.roda)
 *(.rodata.*)
 .rodata.str1.4
                0x0000000008004428        0x4 main.o
 .rodata._ctype_
                0x000000000800442c      0x101 c:/devkitpro/devkitarm/bin/../lib/gcc/arm-none-eabi/12.2.0/../../../../arm-none-eabi/lib/thumb\libg.a(lib_a-ctype_.o)
                0x000000000800442c                _ctype_
 *(.gnu.linkonce.r*)
                0x0000000008004530                . = ALIGN (0x4)
 *fill*         0x000000000800452d        0x3 ff

.ARM.extab
 *(.ARM.extab* .gnu.linkonce.armextab.*)
                0x0000000008004530                __exidx_start = .

.ARM.exidx
 *(.ARM.exidx* .gnu.linkonce.armexidx.*)
                0x0000000008004530                __exidx_end = .

.ctors          0x0000000008004530        0x0
 *crtbegin.o(.ctors)
 *(EXCLUDE_FILE(*crtend.o) .ctors)
 *(SORT_BY_NAME(.ctors.*))
 *(.ctors)
                0x0000000008004530                . = ALIGN (0x4)

.dtors          0x0000000008004530        0x0
 *crtbegin.o(.dtors)
 *(EXCLUDE_FILE(*crtend.o) .dtors)
 *(SORT_BY_NAME(.dtors.*))
 *(.dtors)
                0x0000000008004530                . = ALIGN (0x4)

.eh_frame       0x0000000008004530        0x4
 *(.eh_frame)
 .eh_frame      0x0000000008004530        0x0 c:/devkitpro/devkitarm/bin/../lib/gcc/arm-none-eabi/12.2.0/thumb/crtbegin.o
 .eh_frame      0x0000000008004530        0x4 c:/devkitpro/devkitarm/bin/../lib/gcc/arm-none-eabi/12.2.0/thumb/crtend.o
                0x0000000008004534                . = ALIGN (0x4)

.gcc_except_table
                0x0000000008004534        0x0
 *(.gcc_except_table)
                0x0000000008004534                . = ALIGN (0x4)
                0x0000000008004534                __iwram_lma = .

.iwram          0x0000000003000000      0x128 load address 0x0000000008004534
                0x0000000003000000                __iwram_start__ = ABSOLUTE (.)
 *(.iwram .iwram*)
 .iwram         0x0000000003000000       0x38 C:/devkitPro/libtonc/lib\libtonc.a(tonc_memcpy.o)
                0x0000000003000000                memcpy32
 .iwram         0x0000000003000038       0xa4 C:/devkitPro/libtonc/lib\libtonc.a(tonc_isr_master.o)
                0x0000000003000038                isr_master
 .iwram         0x00000000030000dc       0x4c C:/devkitPro/libtonc/lib\libtonc.a(tonc_memset.o)
                0x00000000030000dc                memset32
 *iwram.*(.text* .data*)
                0x0000000003000128                . = ALIGN (0x4)
                0x0000000003000128                __iwram_end__ = ABSOLUTE (.)
                0x000000000800465c                __data_lma = (__iwram_lma + SIZEOF (.iwram))

.bss            0x0000000003000128      0x4e4
                0x0000000003000128                __bss_start = ABSOLUTE (.)
                0x0000000003000128                __bss_start__ = ABSOLUTE (.)
 *(.dynbss)
 *(.gnu.linkonce.b*)
 *(.bss*)
 .bss.completed.1
                0x0000000003000128        0x1 c:/devkitpro/devkitarm/bin/../lib/gcc/arm-none-eabi/12.2.0/thumb/crtbegin.o
 *fill*         0x0000000003000129        0x3 
 .bss.object.0  0x000000000300012c       0x18 c:/devkitpro/devkitarm/bin/../lib/gcc/arm-none-eabi/12.2.0/thumb/crtbegin.o
 .bss           0x0000000003000144      0x400 main.o
                0x0000000003000144                obj_buffer
 .bss           0x0000000003000544        0x4 C:/devkitPro/libtonc/lib\libtonc.a(tonc_input.o)
                0x0000000003000544                __key_curr
                0x0000000003000546                __key_prev
 .bss.fake_heap_end
                0x0000000003000548        0x4 c:/devkitpro/devkitarm/bin/../lib/gcc/arm-none-eabi/12.2.0/../../../../arm-none-eabi/lib/thumb\libsysbase.a(malloc_vars.o)
                0x0000000003000548                fake_heap_end
 *(COMMON)
 COMMON         0x000000000300054c       0x78 C:/devkitPro/libtonc/lib\libtonc.a(tonc_irq.o)
                0x000000000300054c                __isr_table
 COMMON         0x00000000030005c4       0x48 C:/devkitPro/libtonc/lib\libtonc.a(tte_main.o)
                0x00000000030005c4                __tte_main_context
                0x000000000300060c                . = ALIGN (0x4)
                0x000000000300060c                __bss_end__ = ABSOLUTE (.)

.data           0x000000000300060c      0x474 load address 0x000000000800465c
                0x000000000300060c                __data_start__ = ABSOLUTE (.)
 *(.data*)
 .data          0x000000000300060c        0x8 C:/devkitPro/libtonc/lib\libtonc.a(tonc_input.o)
                0x000000000300060c                __key_rpt
 .data          0x0000000003000614        0x4 C:/devkitPro/libtonc/lib\libtonc.a(tte_main.o)
                0x0000000003000614                gp_tte_context
 .data._impure_ptr
                0x0000000003000618        0x4 c:/devkitpro/devkitarm/bin/../lib/gcc/arm-none-eabi/12.2.0/../../../../arm-none-eabi/lib/thumb\libg.a(lib_a-impure.o)
                0x0000000003000618                _impure_ptr
 *fill*         0x000000000300061c        0x4 ff
 .data.impure_data
                0x0000000003000620      0x460 c:/devkitpro/devkitarm/bin/../lib/gcc/arm-none-eabi/12.2.0/../../../../arm-none-eabi/lib/thumb\libg.a(lib_a-impure.o)
 *(.gnu.linkonce.d*)
                0x0000000003000a80                . = ALIGN (0x4)
                0x0000000008004ad0                __preinit_lma = (__data_lma + SIZEOF (.data))

.igot.plt       0x0000000003000a80        0x0 load address 0x0000000008004ad0
 .igot.plt      0x0000000003000a80        0x0 c:/devkitpro/devkitarm/bin/../lib/gcc/arm-none-eabi/12.2.0/../../../../arm-none-eabi/lib/thumb/gba_crt0.o

.preinit_array  0x0000000003000a80        0x0 load address 0x0000000008004ad0
                0x0000000003000a80                __preinit_array_start = ABSOLUTE (.)
 *(.preinit_array)
                0x0000000003000a80                __preinit_array_end = ABSOLUTE (.)
                0x0000000008004ad0                __init_lma = (__preinit_lma + SIZEOF (.preinit_array))

.init_array     0x0000000003000a80        0x4 load address 0x0000000008004ad0
                0x0000000003000a80                __init_array_start = ABSOLUTE (.)
 *(SORT_BY_NAME(.init_array.*))
 *(.init_array)
 .init_array    0x0000000003000a80        0x4 c:/devkitpro/devkitarm/bin/../lib/gcc/arm-none-eabi/12.2.0/thumb/crtbegin.o
                0x0000000003000a84                __init_array_end = ABSOLUTE (.)
                0x0000000008004ad4                __fini_lma = (__init_lma + SIZEOF (.init_array))

.fini_array     0x0000000003000a84        0x4 load address 0x0000000008004ad4
                0x0000000003000a84                __fini_array_start = ABSOLUTE (.)
 *(SORT_BY_NAME(.fini_array.*))
 *(.fini_array)
 .fini_array    0x0000000003000a84        0x4 c:/devkitpro/devkitarm/bin/../lib/gcc/arm-none-eabi/12.2.0/thumb/crtbegin.o
                0x0000000003000a88                __fini_array_end = ABSOLUTE (.)
                0x0000000008004ad8                __jcr_lma = (__fini_lma + SIZEOF (.fini_array))

.jcr
 *(.jcr)
                0x0000000003000a88                __data_end__ = ABSOLUTE (.)
                0x0000000008004ad8                __iwram_overlay_lma = (__jcr_lma + SIZEOF (.jcr))
                0x0000000003000a88                __iwram_overlay_start = .

.iwram0         0x0000000003000a88        0x0 load address 0x0000000008004ad8
 *(.iwram0)
                0x0000000003000a88                . = ALIGN (0x4)
                0x0000000008004ad8                PROVIDE (__load_start_iwram0 = LOADADDR (.iwram0))
                0x0000000008004ad8                PROVIDE (__load_stop_iwram0 = (LOADADDR (.iwram0) + SIZEOF (.iwram0)))

.iwram1         0x0000000003000a88        0x0
 *(.iwram1)
                0x0000000003000a88                . = ALIGN (0x4)
                [!provide]                        PROVIDE (__load_start_iwram1 = LOADADDR (.iwram1))
                [!provide]                        PROVIDE (__load_stop_iwram1 = (LOADADDR (.iwram1) + SIZEOF (.iwram1)))

.iwram2         0x0000000003000a88        0x0
 *(.iwram2)
                0x0000000003000a88                . = ALIGN (0x4)
                [!provide]                        PROVIDE (__load_start_iwram2 = LOADADDR (.iwram2))
                [!provide]                        PROVIDE (__load_stop_iwram2 = (LOADADDR (.iwram2) + SIZEOF (.iwram2)))

.iwram3         0x0000000003000a88        0x0
 *(.iwram3)
                0x0000000003000a88                . = ALIGN (0x4)
                [!provide]                        PROVIDE (__load_start_iwram3 = LOADADDR (.iwram3))
                [!provide]                        PROVIDE (__load_stop_iwram3 = (LOADADDR (.iwram3) + SIZEOF (.iwram3)))

.iwram4         0x0000000003000a88        0x0
 *(.iwram4)
                0x0000000003000a88                . = ALIGN (0x4)
                [!provide]                        PROVIDE (__load_start_iwram4 = LOADADDR (.iwram4))
                [!provide]                        PROVIDE (__load_stop_iwram4 = (LOADADDR (.iwram4) + SIZEOF (.iwram4)))

.iwram5         0x0000000003000a88        0x0
 *(.iwram5)
                0x0000000003000a88                . = ALIGN (0x4)
                [!provide]                        PROVIDE (__load_start_iwram5 = LOADADDR (.iwram5))
                [!provide]                        PROVIDE (__load_stop_iwram5 = (LOADADDR (.iwram5) + SIZEOF (.iwram5)))

.iwram6         0x0000000003000a88        0x0
 *(.iwram6)
                0x0000000003000a88                . = ALIGN (0x4)
                [!provide]                        PROVIDE (__load_start_iwram6 = LOADADDR (.iwram6))
                [!provide]                        PROVIDE (__load_stop_iwram6 = (LOADADDR (.iwram6) + SIZEOF (.iwram6)))

.iwram7         0x0000000003000a88        0x0
 *(.iwram7)
                0x0000000003000a88                . = ALIGN (0x4)
                [!provide]                        PROVIDE (__load_start_iwram7 = LOADADDR (.iwram7))
                [!provide]                        PROVIDE (__load_stop_iwram7 = (LOADADDR (.iwram7) + SIZEOF (.iwram7)))

.iwram8         0x0000000003000a88        0x0
 *(.iwram8)
                0x0000000003000a88                . = ALIGN (0x4)
                [!provide]                        PROVIDE (__load_start_iwram8 = LOADADDR (.iwram8))
                [!provide]                        PROVIDE (__load_stop_iwram8 = (LOADADDR (.iwram8) + SIZEOF (.iwram8)))

.iwram9         0x0000000003000a88        0x0
 *(.iwram9)
                0x0000000003000a88                . = ALIGN (0x4)
                [!provide]                        PROVIDE (__load_start_iwram9 = LOADADDR (.iwram9))
                [!provide]                        PROVIDE (__load_stop_iwram9 = (LOADADDR (.iwram9) + SIZEOF (.iwram9)))
                0x0000000003000a88                __iwram_overlay_end = .
                0x0000000008004ad8                __ewram_lma = (__iwram_overlay_lma + (__iwram_overlay_end - __iwram_overlay_start))
                0x0000000003000a88                __iheap_start = .
                0x0000000002000000                __ewram_start = ORIGIN (ewram)

.ewram          0x0000000002000000        0x0 load address 0x0000000008004ad8
 *(.ewram*)
                0x0000000002000000                . = ALIGN (0x4)
                0x0000000002000000                __ewram_end = ABSOLUTE (.)
                0x0000000008004ad8                __pad_lma = (__ewram_lma + SIZEOF (.ewram))

.sbss           0x0000000002000000        0x0
                0x0000000002000000                __sbss_start__ = ABSOLUTE (.)
 *(.sbss*)
                0x0000000002000000                . = ALIGN (0x4)
                0x0000000002000000                __sbss_end__ = ABSOLUTE (.)
                0x0000000002000000                __end__ = ABSOLUTE (.)
                0x0000000002000000                __eheap_start = ABSOLUTE (.)

.pad            0x0000000002000000        0x8 load address 0x0000000008004ad8
                0x0000000002000000        0x4 LONG 0x52416b64
                0x0000000002000004        0x4 LONG 0x4d
                0x0000000002000008                . = ALIGN (0x4)
                0x0000000008004ae0                __rom_end__ = (__pad_lma + SIZEOF (.pad))

.rel.dyn        0x0000000002000008        0x0 load address 0x0000000008004ae0
 .rel.iplt      0x0000000002000008        0x0 c:/devkitpro/devkitarm/bin/../lib/gcc/arm-none-eabi/12.2.0/../../../../arm-none-eabi/lib/thumb/gba_crt0.o

.stab
 *(.stab)

.stabstr
 *(.stabstr)

.stab.excl
 *(.stab.excl)

.stab.exclstr
 *(.stab.exclstr)

.stab.index
 *(.stab.index)

.stab.indexstr
 *(.stab.indexstr)

.comment        0x0000000000000000       0x45
 *(.comment)
 .comment       0x0000000000000000       0x23 c:/devkitpro/devkitarm/bin/../lib/gcc/arm-none-eabi/12.2.0/thumb/crtbegin.o
                                         0x24 (size before relaxing)
 .comment       0x0000000000000023       0x24 main.o
 .comment       0x0000000000000023       0x22 C:/devkitPro/libtonc/lib\libtonc.a(tonc_irq.o)
                                         0x23 (size before relaxing)
 .comment       0x0000000000000045       0x23 C:/devkitPro/libtonc/lib\libtonc.a(tonc_oam.o)
 .comment       0x0000000000000045       0x23 C:/devkitPro/libtonc/lib\libtonc.a(tonc_input.o)
 .comment       0x0000000000000045       0x23 C:/devkitPro/libtonc/lib\libtonc.a(tte_init_chr4c.o)
 .comment       0x0000000000000045       0x23 C:/devkitPro/libtonc/lib\libtonc.a(tte_main.o)
 .comment       0x0000000000000045       0x23 C:/devkitPro/libtonc/lib\libtonc.a(chr4c_drawg_b1cts.o)
 .comment       0x0000000000000045       0x23 C:/devkitPro/libtonc/lib\libtonc.a(tonc_schr4c.o)
 .comment       0x0000000000000045       0x23 C:/devkitPro/libtonc/lib\libtonc.a(tonc_surface.o)
 .comment       0x0000000000000045       0x24 c:/devkitpro/devkitarm/bin/../lib/gcc/arm-none-eabi/12.2.0/../../../../arm-none-eabi/lib/thumb\libg.a(lib_a-ctype_.o)
 .comment       0x0000000000000045       0x24 c:/devkitpro/devkitarm/bin/../lib/gcc/arm-none-eabi/12.2.0/../../../../arm-none-eabi/lib/thumb\libg.a(lib_a-init.o)
 .comment       0x0000000000000045       0x24 c:/devkitpro/devkitarm/bin/../lib/gcc/arm-none-eabi/12.2.0/../../../../arm-none-eabi/lib/thumb\libg.a(lib_a-memset.o)
 .comment       0x0000000000000045       0x24 c:/devkitpro/devkitarm/bin/../lib/gcc/arm-none-eabi/12.2.0/../../../../arm-none-eabi/lib/thumb\libg.a(lib_a-strtol.o)
 .comment       0x0000000000000045       0x24 c:/devkitpro/devkitarm/bin/../lib/gcc/arm-none-eabi/12.2.0/../../../../arm-none-eabi/lib/thumb\libg.a(lib_a-errno.o)
 .comment       0x0000000000000045       0x24 c:/devkitpro/devkitarm/bin/../lib/gcc/arm-none-eabi/12.2.0/../../../../arm-none-eabi/lib/thumb\libsysbase.a(malloc_vars.o)
 .comment       0x0000000000000045       0x24 c:/devkitpro/devkitarm/bin/../lib/gcc/arm-none-eabi/12.2.0/../../../../arm-none-eabi/lib/thumb\libsysbase.a(getreent.o)
 .comment       0x0000000000000045       0x24 c:/devkitpro/devkitarm/bin/../lib/gcc/arm-none-eabi/12.2.0/../../../../arm-none-eabi/lib/thumb\libg.a(lib_a-impure.o)
 .comment       0x0000000000000045       0x24 c:/devkitpro/devkitarm/bin/../lib/gcc/arm-none-eabi/12.2.0/thumb/crtend.o

.debug
 *(.debug)

.line
 *(.line)

.debug_srcinfo
 *(.debug_srcinfo)

.debug_sfnames
 *(.debug_sfnames)

.debug_aranges  0x0000000000000000       0x28
 *(.debug_aranges)
 .debug_aranges
                0x0000000000000000       0x28 main.o

.debug_pubnames
 *(.debug_pubnames)

.debug_info     0x0000000000000000      0xc08
 *(.debug_info)
 .debug_info    0x0000000000000000      0xc08 main.o

.debug_abbrev   0x0000000000000000      0x40f
 *(.debug_abbrev)
 .debug_abbrev  0x0000000000000000      0x40f main.o

.debug_line     0x0000000000000000      0x3b1
 *(.debug_line)
 .debug_line    0x0000000000000000      0x3b1 main.o

.debug_frame    0x0000000000000000       0x58
 *(.debug_frame)
 .debug_frame   0x0000000000000000       0x58 main.o

.debug_str      0x0000000000000000      0x505
 *(.debug_str)
 .debug_str     0x0000000000000000      0x505 main.o
                                        0x53e (size before relaxing)

.debug_loc
 *(.debug_loc)

.debug_macinfo
 *(.debug_macinfo)

.debug_weaknames
 *(.debug_weaknames)

.debug_funcnames
 *(.debug_funcnames)

.debug_typenames
 *(.debug_typenames)

.debug_varnames
 *(.debug_varnames)

.stack          0x0000000000080000        0x0
                0x0000000000080000                _stack = .
 *(.stack)

.note.gnu.arm.ident
 *(.note.gnu.arm.ident)

.ARM.attributes
                0x0000000000000000       0x2c
 *(.ARM.attributes)
 .ARM.attributes
                0x0000000000000000       0x20 c:/devkitpro/devkitarm/bin/../lib/gcc/arm-none-eabi/12.2.0/../../../../arm-none-eabi/lib/thumb/gba_crt0.o
 .ARM.attributes
                0x0000000000000020       0x1c c:/devkitpro/devkitarm/bin/../lib/gcc/arm-none-eabi/12.2.0/thumb/crti.o
 .ARM.attributes
                0x000000000000003c       0x2a c:/devkitpro/devkitarm/bin/../lib/gcc/arm-none-eabi/12.2.0/thumb/crtbegin.o
 .ARM.attributes
                0x0000000000000066       0x2a main.o
 .ARM.attributes
                0x0000000000000090       0x1a metr.o
 .ARM.attributes
                0x00000000000000aa       0x2a C:/devkitPro/libtonc/lib\libtonc.a(tonc_irq.o)
 .ARM.attributes
                0x00000000000000d4       0x2a C:/devkitPro/libtonc/lib\libtonc.a(tonc_oam.o)
 .ARM.attributes
                0x00000000000000fe       0x2a C:/devkitPro/libtonc/lib\libtonc.a(tonc_input.o)
 .ARM.attributes
                0x0000000000000128       0x2a C:/devkitPro/libtonc/lib\libtonc.a(tte_init_chr4c.o)
 .ARM.attributes
                0x0000000000000152       0x2a C:/devkitPro/libtonc/lib\libtonc.a(tte_main.o)
 .ARM.attributes
                0x000000000000017c       0x2a C:/devkitPro/libtonc/lib\libtonc.a(chr4c_drawg_b1cts.o)
 .ARM.attributes
                0x00000000000001a6       0x1a C:/devkitPro/libtonc/lib\libtonc.a(tonc_bios.o)
 .ARM.attributes
                0x00000000000001c0       0x1a C:/devkitPro/libtonc/lib\libtonc.a(tonc_memcpy.o)
 .ARM.attributes
                0x00000000000001da       0x1a C:/devkitPro/libtonc/lib\libtonc.a(tonc_bios_ex.o)
 .ARM.attributes
                0x00000000000001f4       0x1a C:/devkitPro/libtonc/lib\libtonc.a(tonc_isr_master.o)
 .ARM.attributes
                0x000000000000020e       0x1a C:/devkitPro/libtonc/lib\libtonc.a(tonc_memset.o)
 .ARM.attributes
                0x0000000000000228       0x1a C:/devkitPro/libtonc/lib\libtonc.a(verdana9.o)
 .ARM.attributes
                0x0000000000000242       0x1a C:/devkitPro/libtonc/lib\libtonc.a(sys8.o)
 .ARM.attributes
                0x000000000000025c       0x2a C:/devkitPro/libtonc/lib\libtonc.a(tonc_schr4c.o)
 .ARM.attributes
                0x0000000000000286       0x2a C:/devkitPro/libtonc/lib\libtonc.a(tonc_surface.o)
 .ARM.attributes
                0x00000000000002b0       0x1c c:/devkitpro/devkitarm/bin/../lib/gcc/arm-none-eabi/12.2.0/thumb\libgcc.a(_divsi3.o)
 .ARM.attributes
                0x00000000000002cc       0x1c c:/devkitpro/devkitarm/bin/../lib/gcc/arm-none-eabi/12.2.0/thumb\libgcc.a(_dvmd_tls.o)
 .ARM.attributes
                0x00000000000002e8       0x2a c:/devkitpro/devkitarm/bin/../lib/gcc/arm-none-eabi/12.2.0/../../../../arm-none-eabi/lib/thumb\libg.a(lib_a-ctype_.o)
 .ARM.attributes
                0x0000000000000312       0x2a c:/devkitpro/devkitarm/bin/../lib/gcc/arm-none-eabi/12.2.0/../../../../arm-none-eabi/lib/thumb\libg.a(lib_a-init.o)
 .ARM.attributes
                0x000000000000033c       0x2a c:/devkitpro/devkitarm/bin/../lib/gcc/arm-none-eabi/12.2.0/../../../../arm-none-eabi/lib/thumb\libg.a(lib_a-memset.o)
 .ARM.attributes
                0x0000000000000366       0x2a c:/devkitpro/devkitarm/bin/../lib/gcc/arm-none-eabi/12.2.0/../../../../arm-none-eabi/lib/thumb\libg.a(lib_a-strtol.o)
 .ARM.attributes
                0x0000000000000390       0x2a c:/devkitpro/devkitarm/bin/../lib/gcc/arm-none-eabi/12.2.0/../../../../arm-none-eabi/lib/thumb\libg.a(lib_a-errno.o)
 .ARM.attributes
                0x00000000000003ba       0x2a c:/devkitpro/devkitarm/bin/../lib/gcc/arm-none-eabi/12.2.0/../../../../arm-none-eabi/lib/thumb\libsysbase.a(malloc_vars.o)
 .ARM.attributes
                0x00000000000003e4       0x2a c:/devkitpro/devkitarm/bin/../lib/gcc/arm-none-eabi/12.2.0/../../../../arm-none-eabi/lib/thumb\libsysbase.a(getreent.o)
 .ARM.attributes
                0x000000000000040e       0x1c c:/devkitpro/devkitarm/bin/../lib/gcc/arm-none-eabi/12.2.0/thumb\libgcc.a(_udivsi3.o)
 .ARM.attributes
                0x000000000000042a       0x2a c:/devkitpro/devkitarm/bin/../lib/gcc/arm-none-eabi/12.2.0/../../../../arm-none-eabi/lib/thumb\libg.a(lib_a-impure.o)
 .ARM.attributes
                0x0000000000000454       0x2a c:/devkitpro/devkitarm/bin/../lib/gcc/arm-none-eabi/12.2.0/thumb/crtend.o
 .ARM.attributes
                0x000000000000047e       0x1c c:/devkitpro/devkitarm/bin/../lib/gcc/arm-none-eabi/12.2.0/thumb/crtn.o

/DISCARD/
 *(.note.GNU-stack)
LOAD c:/devkitpro/devkitarm/bin/../lib/gcc/arm-none-eabi/12.2.0/../../../../arm-none-eabi/lib/thumb/gba_crt0.o
LOAD c:/devkitpro/devkitarm/bin/../lib/gcc/arm-none-eabi/12.2.0/thumb/crti.o
LOAD c:/devkitpro/devkitarm/bin/../lib/gcc/arm-none-eabi/12.2.0/thumb/crtbegin.o
LOAD main.o
LOAD metr.o
LOAD C:/devkitPro/libgba/lib\libmm.a
LOAD C:/devkitPro/libtonc/lib\libtonc.a
START GROUP
LOAD c:/devkitpro/devkitarm/bin/../lib/gcc/arm-none-eabi/12.2.0/thumb\libgcc.a
LOAD c:/devkitpro/devkitarm/bin/../lib/gcc/arm-none-eabi/12.2.0/../../../../arm-none-eabi/lib/thumb\libg.a
LOAD c:/devkitpro/devkitarm/bin/../lib/gcc/arm-none-eabi/12.2.0/../../../../arm-none-eabi/lib/thumb\libc.a
LOAD c:/devkitpro/devkitarm/bin/../lib/gcc/arm-none-eabi/12.2.0/../../../../arm-none-eabi/lib/thumb\libsysbase.a
END GROUP
LOAD c:/devkitpro/devkitarm/bin/../lib/gcc/arm-none-eabi/12.2.0/thumb/crtend.o
LOAD c:/devkitpro/devkitarm/bin/../lib/gcc/arm-none-eabi/12.2.0/thumb/crtn.o
OUTPUT(C:/COMP4960/23_2_27_libtonctemplate/libtonc-template/libtonc-template.elf elf32-littlearm)
LOAD linker stubs

.debug_loclists
                0x0000000000000000      0x17e
 .debug_loclists
                0x0000000000000000      0x17e main.o

.debug_rnglists
                0x0000000000000000       0x9b
 .debug_rnglists
                0x0000000000000000       0x9b main.o
