Archive member included to satisfy reference by file (symbol)

C:/devkitPro/libtonc/lib\libtonc.a(tonc_irq.o)
                              render.o (irq_init)
C:/devkitPro/libtonc/lib\libtonc.a(tonc_oam.o)
                              render.o (oam_init)
C:/devkitPro/libtonc/lib\libtonc.a(tonc_input.o)
                              input.o (key_poll)
C:/devkitPro/libtonc/lib\libtonc.a(tte_init_chr4c.o)
                              render.o (tte_init_chr4c)
C:/devkitPro/libtonc/lib\libtonc.a(tte_main.o)
                              C:/devkitPro/libtonc/lib\libtonc.a(tte_init_chr4c.o) (tte_init_base)
C:/devkitPro/libtonc/lib\libtonc.a(chr4c_drawg_b1cts.o)
                              C:/devkitPro/libtonc/lib\libtonc.a(tte_init_chr4c.o) (chr4c_drawg_b1cts)
C:/devkitPro/libtonc/lib\libtonc.a(tonc_bios.o)
                              C:/devkitPro/libtonc/lib\libtonc.a(tonc_input.o) (VBlankIntrWait)
C:/devkitPro/libtonc/lib\libtonc.a(tonc_memcpy.o)
                              render.o (memcpy32)
C:/devkitPro/libtonc/lib\libtonc.a(tonc_bios_ex.o)
                              C:/devkitPro/libtonc/lib\libtonc.a(tte_main.o) (VBlankIntrDelay)
C:/devkitPro/libtonc/lib\libtonc.a(tonc_isr_master.o)
                              C:/devkitPro/libtonc/lib\libtonc.a(tonc_irq.o) (isr_master)
C:/devkitPro/libtonc/lib\libtonc.a(tonc_memset.o)
                              C:/devkitPro/libtonc/lib\libtonc.a(tonc_irq.o) (memset32)
C:/devkitPro/libtonc/lib\libtonc.a(verdana9.o)
                              render.o (verdana9Font)
C:/devkitPro/libtonc/lib\libtonc.a(sys8.o)
                              C:/devkitPro/libtonc/lib\libtonc.a(tte_main.o) (sys8Font)
C:/devkitPro/libtonc/lib\libtonc.a(tonc_schr4c.o)
                              C:/devkitPro/libtonc/lib\libtonc.a(tte_init_chr4c.o) (schr4c_rect)
C:/devkitPro/libtonc/lib\libtonc.a(tonc_surface.o)
                              C:/devkitPro/libtonc/lib\libtonc.a(tte_init_chr4c.o) (srf_init)
c:/devkitpro/devkitarm/bin/../lib/gcc/arm-none-eabi/12.2.0/thumb\libgcc.a(_divsi3.o)
                              C:/devkitPro/libtonc/lib\libtonc.a(tte_main.o) (__aeabi_idiv)
c:/devkitpro/devkitarm/bin/../lib/gcc/arm-none-eabi/12.2.0/thumb\libgcc.a(_dvmd_tls.o)
                              c:/devkitpro/devkitarm/bin/../lib/gcc/arm-none-eabi/12.2.0/thumb\libgcc.a(_divsi3.o) (__aeabi_idiv0)
c:/devkitpro/devkitarm/bin/../lib/gcc/arm-none-eabi/12.2.0/../../../../arm-none-eabi/lib/thumb\libg.a(lib_a-ctype_.o)
                              C:/devkitPro/libtonc/lib\libtonc.a(tte_main.o) (_ctype_)
c:/devkitpro/devkitarm/bin/../lib/gcc/arm-none-eabi/12.2.0/../../../../arm-none-eabi/lib/thumb\libg.a(lib_a-init.o)
                              c:/devkitpro/devkitarm/bin/../lib/gcc/arm-none-eabi/12.2.0/../../../../arm-none-eabi/lib/thumb/gba_crt0.o (__libc_init_array)
c:/devkitpro/devkitarm/bin/../lib/gcc/arm-none-eabi/12.2.0/../../../../arm-none-eabi/lib/thumb\libg.a(lib_a-malloc.o)
                              main.o (malloc)
c:/devkitpro/devkitarm/bin/../lib/gcc/arm-none-eabi/12.2.0/../../../../arm-none-eabi/lib/thumb\libg.a(lib_a-mallocr.o)
                              c:/devkitpro/devkitarm/bin/../lib/gcc/arm-none-eabi/12.2.0/../../../../arm-none-eabi/lib/thumb\libg.a(lib_a-malloc.o) (_malloc_r)
c:/devkitpro/devkitarm/bin/../lib/gcc/arm-none-eabi/12.2.0/../../../../arm-none-eabi/lib/thumb\libg.a(lib_a-memset.o)
                              C:/devkitPro/libtonc/lib\libtonc.a(tte_main.o) (memset)
c:/devkitpro/devkitarm/bin/../lib/gcc/arm-none-eabi/12.2.0/../../../../arm-none-eabi/lib/thumb\libg.a(lib_a-mlock.o)
                              c:/devkitpro/devkitarm/bin/../lib/gcc/arm-none-eabi/12.2.0/../../../../arm-none-eabi/lib/thumb\libg.a(lib_a-mallocr.o) (__malloc_lock)
c:/devkitpro/devkitarm/bin/../lib/gcc/arm-none-eabi/12.2.0/../../../../arm-none-eabi/lib/thumb\libg.a(lib_a-strtol.o)
                              C:/devkitPro/libtonc/lib\libtonc.a(tte_main.o) (strtol)
c:/devkitpro/devkitarm/bin/../lib/gcc/arm-none-eabi/12.2.0/../../../../arm-none-eabi/lib/thumb\libg.a(lib_a-errno.o)
                              c:/devkitpro/devkitarm/bin/../lib/gcc/arm-none-eabi/12.2.0/../../../../arm-none-eabi/lib/thumb\libg.a(lib_a-strtol.o) (__errno)
c:/devkitpro/devkitarm/bin/../lib/gcc/arm-none-eabi/12.2.0/../../../../arm-none-eabi/lib/thumb\libg.a(lib_a-freer.o)
                              c:/devkitpro/devkitarm/bin/../lib/gcc/arm-none-eabi/12.2.0/../../../../arm-none-eabi/lib/thumb\libg.a(lib_a-malloc.o) (_free_r)
c:/devkitpro/devkitarm/bin/../lib/gcc/arm-none-eabi/12.2.0/../../../../arm-none-eabi/lib/thumb\libsysbase.a(sbrk.o)
                              c:/devkitpro/devkitarm/bin/../lib/gcc/arm-none-eabi/12.2.0/../../../../arm-none-eabi/lib/thumb\libg.a(lib_a-mallocr.o) (_sbrk_r)
c:/devkitpro/devkitarm/bin/../lib/gcc/arm-none-eabi/12.2.0/../../../../arm-none-eabi/lib/thumb\libsysbase.a(malloc_vars.o)
                              c:/devkitpro/devkitarm/bin/../lib/gcc/arm-none-eabi/12.2.0/../../../../arm-none-eabi/lib/thumb\libsysbase.a(sbrk.o) (fake_heap_start)
c:/devkitpro/devkitarm/bin/../lib/gcc/arm-none-eabi/12.2.0/../../../../arm-none-eabi/lib/thumb\libsysbase.a(getreent.o)
                              c:/devkitpro/devkitarm/bin/../lib/gcc/arm-none-eabi/12.2.0/../../../../arm-none-eabi/lib/thumb\libg.a(lib_a-malloc.o) (__getreent)
c:/devkitpro/devkitarm/bin/../lib/gcc/arm-none-eabi/12.2.0/../../../../arm-none-eabi/lib/thumb\libsysbase.a(syscall_support.o)
                              c:/devkitpro/devkitarm/bin/../lib/gcc/arm-none-eabi/12.2.0/../../../../arm-none-eabi/lib/thumb\libg.a(lib_a-mlock.o) (__libc_lock_acquire_recursive)
c:/devkitpro/devkitarm/bin/../lib/gcc/arm-none-eabi/12.2.0/thumb\libgcc.a(_udivsi3.o)
                              c:/devkitpro/devkitarm/bin/../lib/gcc/arm-none-eabi/12.2.0/../../../../arm-none-eabi/lib/thumb\libg.a(lib_a-strtol.o) (__aeabi_uidivmod)
c:/devkitpro/devkitarm/bin/../lib/gcc/arm-none-eabi/12.2.0/../../../../arm-none-eabi/lib/thumb\libg.a(lib_a-impure.o)
                              c:/devkitpro/devkitarm/bin/../lib/gcc/arm-none-eabi/12.2.0/../../../../arm-none-eabi/lib/thumb\libsysbase.a(getreent.o) (_impure_ptr)

Allocating common symbols
Common symbol       size              file

__isr_table         0x78              C:/devkitPro/libtonc/lib\libtonc.a(tonc_irq.o)
__tte_main_context  0x48              C:/devkitPro/libtonc/lib\libtonc.a(tte_main.o)

Discarded input sections

 .text          0x0000000000000000        0x0 c:/devkitpro/devkitarm/bin/../lib/gcc/arm-none-eabi/12.2.0/../../../../arm-none-eabi/lib/thumb/gba_crt0.o
 .data          0x0000000000000000        0x0 c:/devkitpro/devkitarm/bin/../lib/gcc/arm-none-eabi/12.2.0/../../../../arm-none-eabi/lib/thumb/gba_crt0.o
 .bss           0x0000000000000000        0x0 c:/devkitpro/devkitarm/bin/../lib/gcc/arm-none-eabi/12.2.0/../../../../arm-none-eabi/lib/thumb/gba_crt0.o
 .text          0x0000000000000000        0x0 c:/devkitpro/devkitarm/bin/../lib/gcc/arm-none-eabi/12.2.0/thumb/crti.o
 .data          0x0000000000000000        0x0 c:/devkitpro/devkitarm/bin/../lib/gcc/arm-none-eabi/12.2.0/thumb/crti.o
 .bss           0x0000000000000000        0x0 c:/devkitpro/devkitarm/bin/../lib/gcc/arm-none-eabi/12.2.0/thumb/crti.o
 .text          0x0000000000000000        0x0 c:/devkitpro/devkitarm/bin/../lib/gcc/arm-none-eabi/12.2.0/thumb/crtbegin.o
 .data          0x0000000000000000        0x0 c:/devkitpro/devkitarm/bin/../lib/gcc/arm-none-eabi/12.2.0/thumb/crtbegin.o
 .bss           0x0000000000000000        0x0 c:/devkitpro/devkitarm/bin/../lib/gcc/arm-none-eabi/12.2.0/thumb/crtbegin.o
 .rodata.all_implied_fbits
                0x0000000000000000       0x24 c:/devkitpro/devkitarm/bin/../lib/gcc/arm-none-eabi/12.2.0/thumb/crtbegin.o
 .data.__dso_handle
                0x0000000000000000        0x4 c:/devkitpro/devkitarm/bin/../lib/gcc/arm-none-eabi/12.2.0/thumb/crtbegin.o
 .data          0x0000000000000000        0x0 game.o
 .bss           0x0000000000000000        0x0 game.o
 .data          0x0000000000000000        0x0 input.o
 .bss           0x0000000000000000        0x0 input.o
 .text          0x0000000000000000        0x0 main.o
 .data          0x0000000000000000        0x0 main.o
 .bss           0x0000000000000000        0x0 main.o
 .text          0x0000000000000000        0x0 map0.o
 .data          0x0000000000000000        0x0 map0.o
 .bss           0x0000000000000000        0x0 map0.o
 .text          0x0000000000000000        0x0 curs.o
 .data          0x0000000000000000        0x0 curs.o
 .bss           0x0000000000000000        0x0 curs.o
 .text          0x0000000000000000        0x0 metr.o
 .data          0x0000000000000000        0x0 metr.o
 .bss           0x0000000000000000        0x0 metr.o
 .text          0x0000000000000000        0x0 test.o
 .data          0x0000000000000000        0x0 test.o
 .bss           0x0000000000000000        0x0 test.o
 .text          0x0000000000000000        0x0 tsfield.o
 .data          0x0000000000000000        0x0 tsfield.o
 .bss           0x0000000000000000        0x0 tsfield.o
 .data          0x0000000000000000        0x0 C:/devkitPro/libtonc/lib\libtonc.a(tonc_irq.o)
 .bss           0x0000000000000000        0x0 C:/devkitPro/libtonc/lib\libtonc.a(tonc_irq.o)
 .data          0x0000000000000000        0x0 C:/devkitPro/libtonc/lib\libtonc.a(tonc_oam.o)
 .bss           0x0000000000000000        0x0 C:/devkitPro/libtonc/lib\libtonc.a(tonc_oam.o)
 .data          0x0000000000000000        0x0 C:/devkitPro/libtonc/lib\libtonc.a(tte_init_chr4c.o)
 .bss           0x0000000000000000        0x0 C:/devkitPro/libtonc/lib\libtonc.a(tte_init_chr4c.o)
 .bss           0x0000000000000000        0x0 C:/devkitPro/libtonc/lib\libtonc.a(tte_main.o)
 .data          0x0000000000000000        0x0 C:/devkitPro/libtonc/lib\libtonc.a(chr4c_drawg_b1cts.o)
 .bss           0x0000000000000000        0x0 C:/devkitPro/libtonc/lib\libtonc.a(chr4c_drawg_b1cts.o)
 .data          0x0000000000000000        0x0 C:/devkitPro/libtonc/lib\libtonc.a(tonc_bios.o)
 .bss           0x0000000000000000        0x0 C:/devkitPro/libtonc/lib\libtonc.a(tonc_bios.o)
 .data          0x0000000000000000        0x0 C:/devkitPro/libtonc/lib\libtonc.a(tonc_memcpy.o)
 .bss           0x0000000000000000        0x0 C:/devkitPro/libtonc/lib\libtonc.a(tonc_memcpy.o)
 .data          0x0000000000000000        0x0 C:/devkitPro/libtonc/lib\libtonc.a(tonc_bios_ex.o)
 .bss           0x0000000000000000        0x0 C:/devkitPro/libtonc/lib\libtonc.a(tonc_bios_ex.o)
 .text          0x0000000000000000        0x0 C:/devkitPro/libtonc/lib\libtonc.a(tonc_isr_master.o)
 .data          0x0000000000000000        0x0 C:/devkitPro/libtonc/lib\libtonc.a(tonc_isr_master.o)
 .bss           0x0000000000000000        0x0 C:/devkitPro/libtonc/lib\libtonc.a(tonc_isr_master.o)
 .text          0x0000000000000000       0x3c C:/devkitPro/libtonc/lib\libtonc.a(tonc_memset.o)
 .data          0x0000000000000000        0x0 C:/devkitPro/libtonc/lib\libtonc.a(tonc_memset.o)
 .bss           0x0000000000000000        0x0 C:/devkitPro/libtonc/lib\libtonc.a(tonc_memset.o)
 .text          0x0000000000000000        0x0 C:/devkitPro/libtonc/lib\libtonc.a(verdana9.o)
 .data          0x0000000000000000        0x0 C:/devkitPro/libtonc/lib\libtonc.a(verdana9.o)
 .bss           0x0000000000000000        0x0 C:/devkitPro/libtonc/lib\libtonc.a(verdana9.o)
 .text          0x0000000000000000        0x0 C:/devkitPro/libtonc/lib\libtonc.a(sys8.o)
 .data          0x0000000000000000        0x0 C:/devkitPro/libtonc/lib\libtonc.a(sys8.o)
 .bss           0x0000000000000000        0x0 C:/devkitPro/libtonc/lib\libtonc.a(sys8.o)
 .data          0x0000000000000000        0x0 C:/devkitPro/libtonc/lib\libtonc.a(tonc_schr4c.o)
 .bss           0x0000000000000000        0x0 C:/devkitPro/libtonc/lib\libtonc.a(tonc_schr4c.o)
 .rodata        0x0000000000000000       0x28 C:/devkitPro/libtonc/lib\libtonc.a(tonc_schr4c.o)
 .rodata.str1.4
                0x0000000000000000        0x6 C:/devkitPro/libtonc/lib\libtonc.a(tonc_schr4c.o)
 .data          0x0000000000000000        0x0 C:/devkitPro/libtonc/lib\libtonc.a(tonc_surface.o)
 .bss           0x0000000000000000        0x0 C:/devkitPro/libtonc/lib\libtonc.a(tonc_surface.o)
 .data          0x0000000000000000        0x0 c:/devkitpro/devkitarm/bin/../lib/gcc/arm-none-eabi/12.2.0/thumb\libgcc.a(_divsi3.o)
 .bss           0x0000000000000000        0x0 c:/devkitpro/devkitarm/bin/../lib/gcc/arm-none-eabi/12.2.0/thumb\libgcc.a(_divsi3.o)
 .data          0x0000000000000000        0x0 c:/devkitpro/devkitarm/bin/../lib/gcc/arm-none-eabi/12.2.0/thumb\libgcc.a(_dvmd_tls.o)
 .bss           0x0000000000000000        0x0 c:/devkitpro/devkitarm/bin/../lib/gcc/arm-none-eabi/12.2.0/thumb\libgcc.a(_dvmd_tls.o)
 .text          0x0000000000000000        0x0 c:/devkitpro/devkitarm/bin/../lib/gcc/arm-none-eabi/12.2.0/../../../../arm-none-eabi/lib/thumb\libg.a(lib_a-ctype_.o)
 .data          0x0000000000000000        0x0 c:/devkitpro/devkitarm/bin/../lib/gcc/arm-none-eabi/12.2.0/../../../../arm-none-eabi/lib/thumb\libg.a(lib_a-ctype_.o)
 .bss           0x0000000000000000        0x0 c:/devkitpro/devkitarm/bin/../lib/gcc/arm-none-eabi/12.2.0/../../../../arm-none-eabi/lib/thumb\libg.a(lib_a-ctype_.o)
 .text.__set_ctype
                0x0000000000000000        0xc c:/devkitpro/devkitarm/bin/../lib/gcc/arm-none-eabi/12.2.0/../../../../arm-none-eabi/lib/thumb\libg.a(lib_a-ctype_.o)
 .text          0x0000000000000000        0x0 c:/devkitpro/devkitarm/bin/../lib/gcc/arm-none-eabi/12.2.0/../../../../arm-none-eabi/lib/thumb\libg.a(lib_a-init.o)
 .data          0x0000000000000000        0x0 c:/devkitpro/devkitarm/bin/../lib/gcc/arm-none-eabi/12.2.0/../../../../arm-none-eabi/lib/thumb\libg.a(lib_a-init.o)
 .bss           0x0000000000000000        0x0 c:/devkitpro/devkitarm/bin/../lib/gcc/arm-none-eabi/12.2.0/../../../../arm-none-eabi/lib/thumb\libg.a(lib_a-init.o)
 .text          0x0000000000000000        0x0 c:/devkitpro/devkitarm/bin/../lib/gcc/arm-none-eabi/12.2.0/../../../../arm-none-eabi/lib/thumb\libg.a(lib_a-malloc.o)
 .data          0x0000000000000000        0x0 c:/devkitpro/devkitarm/bin/../lib/gcc/arm-none-eabi/12.2.0/../../../../arm-none-eabi/lib/thumb\libg.a(lib_a-malloc.o)
 .bss           0x0000000000000000        0x0 c:/devkitpro/devkitarm/bin/../lib/gcc/arm-none-eabi/12.2.0/../../../../arm-none-eabi/lib/thumb\libg.a(lib_a-malloc.o)
 .text.free     0x0000000000000000       0x14 c:/devkitpro/devkitarm/bin/../lib/gcc/arm-none-eabi/12.2.0/../../../../arm-none-eabi/lib/thumb\libg.a(lib_a-malloc.o)
 .text          0x0000000000000000        0x0 c:/devkitpro/devkitarm/bin/../lib/gcc/arm-none-eabi/12.2.0/../../../../arm-none-eabi/lib/thumb\libg.a(lib_a-mallocr.o)
 .data          0x0000000000000000        0x0 c:/devkitpro/devkitarm/bin/../lib/gcc/arm-none-eabi/12.2.0/../../../../arm-none-eabi/lib/thumb\libg.a(lib_a-mallocr.o)
 .bss           0x0000000000000000        0x0 c:/devkitpro/devkitarm/bin/../lib/gcc/arm-none-eabi/12.2.0/../../../../arm-none-eabi/lib/thumb\libg.a(lib_a-mallocr.o)
 .text          0x0000000000000000        0x0 c:/devkitpro/devkitarm/bin/../lib/gcc/arm-none-eabi/12.2.0/../../../../arm-none-eabi/lib/thumb\libg.a(lib_a-memset.o)
 .data          0x0000000000000000        0x0 c:/devkitpro/devkitarm/bin/../lib/gcc/arm-none-eabi/12.2.0/../../../../arm-none-eabi/lib/thumb\libg.a(lib_a-memset.o)
 .bss           0x0000000000000000        0x0 c:/devkitpro/devkitarm/bin/../lib/gcc/arm-none-eabi/12.2.0/../../../../arm-none-eabi/lib/thumb\libg.a(lib_a-memset.o)
 .text          0x0000000000000000        0x0 c:/devkitpro/devkitarm/bin/../lib/gcc/arm-none-eabi/12.2.0/../../../../arm-none-eabi/lib/thumb\libg.a(lib_a-mlock.o)
 .data          0x0000000000000000        0x0 c:/devkitpro/devkitarm/bin/../lib/gcc/arm-none-eabi/12.2.0/../../../../arm-none-eabi/lib/thumb\libg.a(lib_a-mlock.o)
 .bss           0x0000000000000000        0x0 c:/devkitpro/devkitarm/bin/../lib/gcc/arm-none-eabi/12.2.0/../../../../arm-none-eabi/lib/thumb\libg.a(lib_a-mlock.o)
 .text          0x0000000000000000        0x0 c:/devkitpro/devkitarm/bin/../lib/gcc/arm-none-eabi/12.2.0/../../../../arm-none-eabi/lib/thumb\libg.a(lib_a-strtol.o)
 .data          0x0000000000000000        0x0 c:/devkitpro/devkitarm/bin/../lib/gcc/arm-none-eabi/12.2.0/../../../../arm-none-eabi/lib/thumb\libg.a(lib_a-strtol.o)
 .bss           0x0000000000000000        0x0 c:/devkitpro/devkitarm/bin/../lib/gcc/arm-none-eabi/12.2.0/../../../../arm-none-eabi/lib/thumb\libg.a(lib_a-strtol.o)
 .text._strtol_r
                0x0000000000000000       0x20 c:/devkitpro/devkitarm/bin/../lib/gcc/arm-none-eabi/12.2.0/../../../../arm-none-eabi/lib/thumb\libg.a(lib_a-strtol.o)
 .text.strtol_l
                0x0000000000000000       0x30 c:/devkitpro/devkitarm/bin/../lib/gcc/arm-none-eabi/12.2.0/../../../../arm-none-eabi/lib/thumb\libg.a(lib_a-strtol.o)
 .text          0x0000000000000000        0x0 c:/devkitpro/devkitarm/bin/../lib/gcc/arm-none-eabi/12.2.0/../../../../arm-none-eabi/lib/thumb\libg.a(lib_a-errno.o)
 .data          0x0000000000000000        0x0 c:/devkitpro/devkitarm/bin/../lib/gcc/arm-none-eabi/12.2.0/../../../../arm-none-eabi/lib/thumb\libg.a(lib_a-errno.o)
 .bss           0x0000000000000000        0x0 c:/devkitpro/devkitarm/bin/../lib/gcc/arm-none-eabi/12.2.0/../../../../arm-none-eabi/lib/thumb\libg.a(lib_a-errno.o)
 .text          0x0000000000000000        0x0 c:/devkitpro/devkitarm/bin/../lib/gcc/arm-none-eabi/12.2.0/../../../../arm-none-eabi/lib/thumb\libg.a(lib_a-freer.o)
 .data          0x0000000000000000        0x0 c:/devkitpro/devkitarm/bin/../lib/gcc/arm-none-eabi/12.2.0/../../../../arm-none-eabi/lib/thumb\libg.a(lib_a-freer.o)
 .bss           0x0000000000000000        0x0 c:/devkitpro/devkitarm/bin/../lib/gcc/arm-none-eabi/12.2.0/../../../../arm-none-eabi/lib/thumb\libg.a(lib_a-freer.o)
 .text          0x0000000000000000        0x0 c:/devkitpro/devkitarm/bin/../lib/gcc/arm-none-eabi/12.2.0/../../../../arm-none-eabi/lib/thumb\libsysbase.a(sbrk.o)
 .data          0x0000000000000000        0x0 c:/devkitpro/devkitarm/bin/../lib/gcc/arm-none-eabi/12.2.0/../../../../arm-none-eabi/lib/thumb\libsysbase.a(sbrk.o)
 .bss           0x0000000000000000        0x0 c:/devkitpro/devkitarm/bin/../lib/gcc/arm-none-eabi/12.2.0/../../../../arm-none-eabi/lib/thumb\libsysbase.a(sbrk.o)
 .text          0x0000000000000000        0x0 c:/devkitpro/devkitarm/bin/../lib/gcc/arm-none-eabi/12.2.0/../../../../arm-none-eabi/lib/thumb\libsysbase.a(malloc_vars.o)
 .data          0x0000000000000000        0x0 c:/devkitpro/devkitarm/bin/../lib/gcc/arm-none-eabi/12.2.0/../../../../arm-none-eabi/lib/thumb\libsysbase.a(malloc_vars.o)
 .bss           0x0000000000000000        0x0 c:/devkitpro/devkitarm/bin/../lib/gcc/arm-none-eabi/12.2.0/../../../../arm-none-eabi/lib/thumb\libsysbase.a(malloc_vars.o)
 .text          0x0000000000000000        0x0 c:/devkitpro/devkitarm/bin/../lib/gcc/arm-none-eabi/12.2.0/../../../../arm-none-eabi/lib/thumb\libsysbase.a(getreent.o)
 .data          0x0000000000000000        0x0 c:/devkitpro/devkitarm/bin/../lib/gcc/arm-none-eabi/12.2.0/../../../../arm-none-eabi/lib/thumb\libsysbase.a(getreent.o)
 .bss           0x0000000000000000        0x0 c:/devkitpro/devkitarm/bin/../lib/gcc/arm-none-eabi/12.2.0/../../../../arm-none-eabi/lib/thumb\libsysbase.a(getreent.o)
 .text          0x0000000000000000        0x0 c:/devkitpro/devkitarm/bin/../lib/gcc/arm-none-eabi/12.2.0/../../../../arm-none-eabi/lib/thumb\libsysbase.a(syscall_support.o)
 .data          0x0000000000000000        0x0 c:/devkitpro/devkitarm/bin/../lib/gcc/arm-none-eabi/12.2.0/../../../../arm-none-eabi/lib/thumb\libsysbase.a(syscall_support.o)
 .bss           0x0000000000000000        0x0 c:/devkitpro/devkitarm/bin/../lib/gcc/arm-none-eabi/12.2.0/../../../../arm-none-eabi/lib/thumb\libsysbase.a(syscall_support.o)
 .text.__libc_lock_init
                0x0000000000000000       0x18 c:/devkitpro/devkitarm/bin/../lib/gcc/arm-none-eabi/12.2.0/../../../../arm-none-eabi/lib/thumb\libsysbase.a(syscall_support.o)
 .text.__libc_lock_acquire
                0x0000000000000000       0x18 c:/devkitpro/devkitarm/bin/../lib/gcc/arm-none-eabi/12.2.0/../../../../arm-none-eabi/lib/thumb\libsysbase.a(syscall_support.o)
 .text.__libc_lock_try_acquire
                0x0000000000000000       0x1c c:/devkitpro/devkitarm/bin/../lib/gcc/arm-none-eabi/12.2.0/../../../../arm-none-eabi/lib/thumb\libsysbase.a(syscall_support.o)
 .text.__libc_lock_release
                0x0000000000000000       0x18 c:/devkitpro/devkitarm/bin/../lib/gcc/arm-none-eabi/12.2.0/../../../../arm-none-eabi/lib/thumb\libsysbase.a(syscall_support.o)
 .text.__libc_lock_close
                0x0000000000000000       0x18 c:/devkitpro/devkitarm/bin/../lib/gcc/arm-none-eabi/12.2.0/../../../../arm-none-eabi/lib/thumb\libsysbase.a(syscall_support.o)
 .text.__libc_lock_init_recursive
                0x0000000000000000       0x18 c:/devkitpro/devkitarm/bin/../lib/gcc/arm-none-eabi/12.2.0/../../../../arm-none-eabi/lib/thumb\libsysbase.a(syscall_support.o)
 .text.__libc_lock_try_acquire_recursive
                0x0000000000000000       0x1c c:/devkitpro/devkitarm/bin/../lib/gcc/arm-none-eabi/12.2.0/../../../../arm-none-eabi/lib/thumb\libsysbase.a(syscall_support.o)
 .text.__libc_lock_close_recursive
                0x0000000000000000       0x18 c:/devkitpro/devkitarm/bin/../lib/gcc/arm-none-eabi/12.2.0/../../../../arm-none-eabi/lib/thumb\libsysbase.a(syscall_support.o)
 .data          0x0000000000000000        0x0 c:/devkitpro/devkitarm/bin/../lib/gcc/arm-none-eabi/12.2.0/thumb\libgcc.a(_udivsi3.o)
 .bss           0x0000000000000000        0x0 c:/devkitpro/devkitarm/bin/../lib/gcc/arm-none-eabi/12.2.0/thumb\libgcc.a(_udivsi3.o)
 .text          0x0000000000000000        0x0 c:/devkitpro/devkitarm/bin/../lib/gcc/arm-none-eabi/12.2.0/../../../../arm-none-eabi/lib/thumb\libg.a(lib_a-impure.o)
 .data          0x0000000000000000        0x0 c:/devkitpro/devkitarm/bin/../lib/gcc/arm-none-eabi/12.2.0/../../../../arm-none-eabi/lib/thumb\libg.a(lib_a-impure.o)
 .bss           0x0000000000000000        0x0 c:/devkitpro/devkitarm/bin/../lib/gcc/arm-none-eabi/12.2.0/../../../../arm-none-eabi/lib/thumb\libg.a(lib_a-impure.o)
 .rodata._global_impure_ptr
                0x0000000000000000        0x4 c:/devkitpro/devkitarm/bin/../lib/gcc/arm-none-eabi/12.2.0/../../../../arm-none-eabi/lib/thumb\libg.a(lib_a-impure.o)
 .text          0x0000000000000000        0x0 c:/devkitpro/devkitarm/bin/../lib/gcc/arm-none-eabi/12.2.0/thumb/crtend.o
 .data          0x0000000000000000        0x0 c:/devkitpro/devkitarm/bin/../lib/gcc/arm-none-eabi/12.2.0/thumb/crtend.o
 .bss           0x0000000000000000        0x0 c:/devkitpro/devkitarm/bin/../lib/gcc/arm-none-eabi/12.2.0/thumb/crtend.o
 .rodata.all_implied_fbits
                0x0000000000000000       0x24 c:/devkitpro/devkitarm/bin/../lib/gcc/arm-none-eabi/12.2.0/thumb/crtend.o
 .text          0x0000000000000000        0x0 c:/devkitpro/devkitarm/bin/../lib/gcc/arm-none-eabi/12.2.0/thumb/crtn.o
 .data          0x0000000000000000        0x0 c:/devkitpro/devkitarm/bin/../lib/gcc/arm-none-eabi/12.2.0/thumb/crtn.o
 .bss           0x0000000000000000        0x0 c:/devkitpro/devkitarm/bin/../lib/gcc/arm-none-eabi/12.2.0/thumb/crtn.o

Memory Configuration

Name             Origin             Length             Attributes
rom              0x0000000008000000 0x0000000002000000
iwram            0x0000000003000000 0x0000000000008000
ewram            0x0000000002000000 0x0000000000040000
*default*        0x0000000000000000 0xffffffffffffffff

Linker script and memory map

                0x0000000008000000                __text_start = ORIGIN (rom)
                0x0000000002040000                __eheap_end = (ORIGIN (ewram) + LENGTH (ewram))
                0x0000000003000000                __iwram_start = ORIGIN (iwram)
                0x0000000003008000                __iwram_top = (ORIGIN (iwram) + LENGTH (iwram))
                0x0000000003007fa0                __sp_irq = (__iwram_top - 0x60)
                0x0000000003007f00                __sp_usr = (__sp_irq - 0xa0)
                0x0000000003007ff8                __irq_flags = 0x3007ff8
                0x0000000008000000                . = __text_start

.crt0           0x0000000008000000      0x210
 *(.crt0)
 .crt0          0x0000000008000000      0x210 c:/devkitpro/devkitarm/bin/../lib/gcc/arm-none-eabi/12.2.0/../../../../arm-none-eabi/lib/thumb/gba_crt0.o
                0x0000000008000000                _start
                0x00000000080000c4                __boot_method
                0x00000000080000c5                __slave_number
                0x00000000080000e0                start_vector
                0x0000000008000210                . = ALIGN (0x4)

.init           0x0000000008000210        0xc
 *(SORT_NONE(.init))
 .init          0x0000000008000210        0x4 c:/devkitpro/devkitarm/bin/../lib/gcc/arm-none-eabi/12.2.0/thumb/crti.o
                0x0000000008000210                _init
 .init          0x0000000008000214        0x8 c:/devkitpro/devkitarm/bin/../lib/gcc/arm-none-eabi/12.2.0/thumb/crtn.o

.plt            0x000000000800021c        0x0
 *(.plt)
                0x000000000800021c                . = ALIGN (0x4)

.text           0x0000000008000220     0x2f30
 *(EXCLUDE_FILE(*.iwram*) .text*)
 .text.__do_global_dtors_aux
                0x0000000008000220       0x2c c:/devkitpro/devkitarm/bin/../lib/gcc/arm-none-eabi/12.2.0/thumb/crtbegin.o
 .text.frame_dummy
                0x000000000800024c       0x24 c:/devkitpro/devkitarm/bin/../lib/gcc/arm-none-eabi/12.2.0/thumb/crtbegin.o
 .text          0x0000000008000270        0x8 game.o
                0x0000000008000270                gameinit
                0x0000000008000274                game
 .text          0x0000000008000278      0x174 input.o
                0x0000000008000278                inputinit
                0x0000000008000288                input
 .text.startup  0x00000000080003ec       0x44 main.o
                0x00000000080003ec                main
 .text          0x0000000008000430      0x290 render.o
                0x0000000008000430                loadTileset
                0x0000000008000474                loadMap
                0x00000000080004b0                loadSprite
                0x0000000008000574                renderinit
                0x000000000800064c                render
 .text          0x00000000080006c0      0x354 C:/devkitPro/libtonc/lib\libtonc.a(tonc_irq.o)
                0x00000000080006c0                irq_init
                0x0000000008000704                irq_set_master
                0x0000000008000730                irq_set
                0x0000000008000858                irq_add
                0x00000000080008d0                irq_delete
                0x0000000008000984                irq_enable
                0x00000000080009cc                irq_disable
 .text          0x0000000008000a14       0xbc C:/devkitPro/libtonc/lib\libtonc.a(tonc_oam.o)
                0x0000000008000a14                oam_init
                0x0000000008000a5c                obj_copy
                0x0000000008000a7c                obj_hide_multi
                0x0000000008000aa4                obj_unhide_multi
 .text          0x0000000008000ad0       0xa8 C:/devkitPro/libtonc/lib\libtonc.a(tonc_input.o)
                0x0000000008000ad0                key_poll
                0x0000000008000b24                key_wait_till_hit
                0x0000000008000b48                key_repeat
                0x0000000008000b54                key_repeat_mask
                0x0000000008000b64                key_repeat_limits
 .text          0x0000000008000b78      0x10c C:/devkitPro/libtonc/lib\libtonc.a(tte_init_chr4c.o)
                0x0000000008000b78                chr4c_erase
                0x0000000008000ba0                tte_init_chr4c
 .text          0x0000000008000c84      0x958 C:/devkitPro/libtonc/lib\libtonc.a(tte_main.o)
                0x0000000008000c84                dummy_drawg
                0x0000000008000c88                dummy_erase
                0x0000000008000c8c                tte_set_context
                0x0000000008000ca4                tte_set_color_attr
                0x0000000008000cb4                tte_set_color_attrs
                0x0000000008000cd0                tte_set_color
                0x0000000008000cf0                tte_set_colors
                0x0000000008000d30                tte_init_base
                0x0000000008000dc4                utf8_decode_char
                0x0000000008000e78                tte_cmd_skip
                0x0000000008000e88                tte_cmd_next
                0x0000000008000ec0                tte_putc
                0x0000000008000f10                tte_erase_rect
                0x0000000008000f2c                tte_erase_screen
                0x0000000008000f50                tte_erase_line
                0x0000000008000f78                tte_cmd_default
                0x00000000080013cc                tte_write
                0x00000000080014b8                tte_write_ex
                0x00000000080014e8                tte_get_text_size
                0x00000000080015bc                tte_set_margins
 .text          0x00000000080015dc      0x134 C:/devkitPro/libtonc/lib\libtonc.a(chr4c_drawg_b1cts.o)
                0x00000000080015dc                chr4c_drawg_b1cts
 .text          0x0000000008001710       0x8c C:/devkitPro/libtonc/lib\libtonc.a(tonc_bios.o)
                0x0000000008001710                SoftReset
                0x0000000008001714                RegisterRamReset
                0x0000000008001718                Halt
                0x000000000800171c                Stop
                0x0000000008001720                IntrWait
                0x0000000008001724                VBlankIntrWait
                0x0000000008001728                Div
                0x000000000800172c                DivArm
                0x0000000008001730                Sqrt
                0x0000000008001734                ArcTan
                0x0000000008001738                ArcTan2
                0x000000000800173c                CpuSet
                0x0000000008001740                CpuFastSet
                0x0000000008001744                BiosCheckSum
                0x0000000008001748                BgAffineSet
                0x000000000800174c                ObjAffineSet
                0x0000000008001750                BitUnPack
                0x0000000008001754                LZ77UnCompWram
                0x0000000008001758                LZ77UnCompVram
                0x000000000800175c                HuffUnComp
                0x0000000008001760                RLUnCompWram
                0x0000000008001764                RLUnCompVram
                0x0000000008001768                Diff8bitUnFilterWram
                0x000000000800176c                Diff8bitUnFilterVram
                0x0000000008001770                Diff16bitUnFilter
                0x0000000008001774                SoundBias
                0x0000000008001778                SoundDriverInit
                0x000000000800177c                SoundDriverMode
                0x0000000008001780                SoundDriverMain
                0x0000000008001784                SoundDriverVSync
                0x0000000008001788                SoundChannelClear
                0x000000000800178c                MidiKey2Freq
                0x0000000008001790                MultiBoot
                0x0000000008001794                SoundDriverVSyncOff
                0x0000000008001798                SoundDriverVSyncOn
 .text          0x000000000800179c       0x44 C:/devkitPro/libtonc/lib\libtonc.a(tonc_memcpy.o)
                0x000000000800179c                memcpy16
 .text          0x00000000080017e0       0x54 C:/devkitPro/libtonc/lib\libtonc.a(tonc_bios_ex.o)
                0x00000000080017e0                VBlankIntrDelay
                0x00000000080017f0                DivSafe
                0x0000000008001804                Mod
                0x000000000800180c                DivAbs
                0x0000000008001814                DivArmMod
                0x000000000800181c                DivArmAbs
                0x0000000008001824                CpuFastFill
 .text          0x0000000008001834      0x9d8 C:/devkitPro/libtonc/lib\libtonc.a(tonc_schr4c.o)
                0x0000000008001834                schr4c_get_pixel
                0x000000000800185c                schr4c_plot
                0x000000000800188c                schr4c_hline
                0x0000000008001968                schr4c_vline
                0x00000000080019b0                schr4c_blit
                0x0000000008001ce0                schr4c_line
                0x0000000008001e6c                schr4c_frame
                0x0000000008001efc                schr4c_rect
                0x0000000008002020                schr4c_prep_map
                0x0000000008002068                schr4c_get_ptr
                0x0000000008002078                schr4c_floodfill_internal
                0x00000000080021d4                schr4c_floodfill
 .text          0x000000000800220c      0x16c C:/devkitPro/libtonc/lib\libtonc.a(tonc_surface.o)
                0x000000000800220c                srf_init
                0x00000000080022d4                srf_pal_copy
                0x00000000080022fc                srf_get_ptr
 .text          0x0000000008002378      0x150 c:/devkitpro/devkitarm/bin/../lib/gcc/arm-none-eabi/12.2.0/thumb\libgcc.a(_divsi3.o)
                0x0000000008002378                __divsi3
                0x0000000008002378                __aeabi_idiv
                0x00000000080024a8                __aeabi_idivmod
 .text          0x00000000080024c8        0x4 c:/devkitpro/devkitarm/bin/../lib/gcc/arm-none-eabi/12.2.0/thumb\libgcc.a(_dvmd_tls.o)
                0x00000000080024c8                __aeabi_idiv0
                0x00000000080024c8                __aeabi_ldiv0
 .text.__libc_init_array
                0x00000000080024cc       0x54 c:/devkitpro/devkitarm/bin/../lib/gcc/arm-none-eabi/12.2.0/../../../../arm-none-eabi/lib/thumb\libg.a(lib_a-init.o)
                0x00000000080024cc                __libc_init_array
 .text.malloc   0x0000000008002520       0x14 c:/devkitpro/devkitarm/bin/../lib/gcc/arm-none-eabi/12.2.0/../../../../arm-none-eabi/lib/thumb\libg.a(lib_a-malloc.o)
                0x0000000008002520                malloc
 .text._malloc_r
                0x0000000008002534      0x560 c:/devkitpro/devkitarm/bin/../lib/gcc/arm-none-eabi/12.2.0/../../../../arm-none-eabi/lib/thumb\libg.a(lib_a-mallocr.o)
                0x0000000008002534                _malloc_r
 .text.memset   0x0000000008002a94       0xb0 c:/devkitpro/devkitarm/bin/../lib/gcc/arm-none-eabi/12.2.0/../../../../arm-none-eabi/lib/thumb\libg.a(lib_a-memset.o)
                0x0000000008002a94                memset
 .text.__malloc_lock
                0x0000000008002b44       0x14 c:/devkitpro/devkitarm/bin/../lib/gcc/arm-none-eabi/12.2.0/../../../../arm-none-eabi/lib/thumb\libg.a(lib_a-mlock.o)
                0x0000000008002b44                __malloc_lock
 .text.__malloc_unlock
                0x0000000008002b58       0x14 c:/devkitpro/devkitarm/bin/../lib/gcc/arm-none-eabi/12.2.0/../../../../arm-none-eabi/lib/thumb\libg.a(lib_a-mlock.o)
                0x0000000008002b58                __malloc_unlock
 .text._strtol_l.part.0
                0x0000000008002b6c      0x144 c:/devkitpro/devkitarm/bin/../lib/gcc/arm-none-eabi/12.2.0/../../../../arm-none-eabi/lib/thumb\libg.a(lib_a-strtol.o)
 .text.strtol   0x0000000008002cb0       0x30 c:/devkitpro/devkitarm/bin/../lib/gcc/arm-none-eabi/12.2.0/../../../../arm-none-eabi/lib/thumb\libg.a(lib_a-strtol.o)
                0x0000000008002cb0                strtol
 .text.__errno  0x0000000008002ce0        0xc c:/devkitpro/devkitarm/bin/../lib/gcc/arm-none-eabi/12.2.0/../../../../arm-none-eabi/lib/thumb\libg.a(lib_a-errno.o)
                0x0000000008002ce0                __errno
 .text._malloc_trim_r
                0x0000000008002cec       0xac c:/devkitpro/devkitarm/bin/../lib/gcc/arm-none-eabi/12.2.0/../../../../arm-none-eabi/lib/thumb\libg.a(lib_a-freer.o)
                0x0000000008002cec                _malloc_trim_r
 .text._free_r  0x0000000008002d98      0x1d8 c:/devkitpro/devkitarm/bin/../lib/gcc/arm-none-eabi/12.2.0/../../../../arm-none-eabi/lib/thumb\libg.a(lib_a-freer.o)
                0x0000000008002d98                _free_r
 .text._sbrk_r  0x0000000008002f70       0x54 c:/devkitpro/devkitarm/bin/../lib/gcc/arm-none-eabi/12.2.0/../../../../arm-none-eabi/lib/thumb\libsysbase.a(sbrk.o)
                0x0000000008002f70                _sbrk_r
 .text.__getreent
                0x0000000008002fc4       0x20 c:/devkitpro/devkitarm/bin/../lib/gcc/arm-none-eabi/12.2.0/../../../../arm-none-eabi/lib/thumb\libsysbase.a(getreent.o)
                0x0000000008002fc4                __getreent
 .text.__libc_lock_acquire_recursive
                0x0000000008002fe4       0x18 c:/devkitpro/devkitarm/bin/../lib/gcc/arm-none-eabi/12.2.0/../../../../arm-none-eabi/lib/thumb\libsysbase.a(syscall_support.o)
                0x0000000008002fe4                __libc_lock_acquire_recursive
 .text.__libc_lock_release_recursive
                0x0000000008002ffc       0x18 c:/devkitpro/devkitarm/bin/../lib/gcc/arm-none-eabi/12.2.0/../../../../arm-none-eabi/lib/thumb\libsysbase.a(syscall_support.o)
                0x0000000008002ffc                __libc_lock_release_recursive
 .text          0x0000000008003014      0x11c c:/devkitpro/devkitarm/bin/../lib/gcc/arm-none-eabi/12.2.0/thumb\libgcc.a(_udivsi3.o)
                0x0000000008003014                __aeabi_uidiv
                0x0000000008003014                __udivsi3
                0x0000000008003110                __aeabi_uidivmod
 .text.__stub   0x0000000008003130       0x1c linker stubs
 *(.gnu.linkonce.t.*)
 *(.text.*personality*)
 *(.gnu.warning)
 *(.glue_7t)
 .glue_7t       0x0000000008003150        0x0 linker stubs
 *(.glue_7)
 .glue_7        0x0000000008003150        0x0 linker stubs
 *(.vfp11_veneer)
 .vfp11_veneer  0x0000000008003150        0x0 linker stubs
                0x0000000008003150                . = ALIGN (0x4)
                0x0000000008003150                __text_end = .

.v4_bx          0x0000000008003150        0x0
 .v4_bx         0x0000000008003150        0x0 linker stubs

.iplt           0x0000000008003150        0x0
 .iplt          0x0000000008003150        0x0 c:/devkitpro/devkitarm/bin/../lib/gcc/arm-none-eabi/12.2.0/../../../../arm-none-eabi/lib/thumb/gba_crt0.o

.fini           0x0000000008003150        0xc
 *(.fini)
 .fini          0x0000000008003150        0x4 c:/devkitpro/devkitarm/bin/../lib/gcc/arm-none-eabi/12.2.0/thumb/crti.o
                0x0000000008003150                _fini
 .fini          0x0000000008003154        0x8 c:/devkitpro/devkitarm/bin/../lib/gcc/arm-none-eabi/12.2.0/thumb/crtn.o
                0x000000000800315c                . = ALIGN (0x4)

.rodata         0x000000000800315c     0x3f98
 *(.rodata)
 .rodata        0x000000000800315c      0x820 map0.o
                0x000000000800315c                map0Pal
                0x000000000800317c                map0
 .rodata        0x000000000800397c      0x280 curs.o
                0x000000000800397c                cursTiles
                0x00000000080039fc                cursPal
 .rodata        0x0000000008003bfc      0xa00 metr.o
                0x0000000008003bfc                metrTiles
                0x00000000080043fc                metrPal
 .rodata        0x00000000080045fc      0xa00 test.o
                0x00000000080045fc                testTiles
                0x0000000008004dfc                testPal
 .rodata        0x0000000008004ffc      0xba0 tsfield.o
                0x0000000008004ffc                tsfieldTiles
                0x0000000008005b7c                tsfieldPal
 .rodata        0x0000000008005b9c       0x38 C:/devkitPro/libtonc/lib\libtonc.a(tonc_irq.o)
 .rodata        0x0000000008005bd4      0x1f0 C:/devkitPro/libtonc/lib\libtonc.a(tte_main.o)
 .rodata        0x0000000008005dc4      0xef8 C:/devkitPro/libtonc/lib\libtonc.a(verdana9.o)
                0x0000000008005dc4                verdana9Font
                0x0000000008005ddc                verdana9Glyphs
                0x0000000008006bdc                verdana9Widths
 .rodata        0x0000000008006cbc      0x318 C:/devkitPro/libtonc/lib\libtonc.a(sys8.o)
                0x0000000008006cbc                sys8Font
                0x0000000008006cd4                sys8Glyphs
 .rodata        0x0000000008006fd4       0x1c C:/devkitPro/libtonc/lib\libtonc.a(tonc_surface.o)
 *all.rodata*(*)
 *(.roda)
 *(.rodata.*)
 .rodata._ctype_
                0x0000000008006ff0      0x101 c:/devkitpro/devkitarm/bin/../lib/gcc/arm-none-eabi/12.2.0/../../../../arm-none-eabi/lib/thumb\libg.a(lib_a-ctype_.o)
                0x0000000008006ff0                _ctype_
 *(.gnu.linkonce.r*)
                0x00000000080070f4                . = ALIGN (0x4)
 *fill*         0x00000000080070f1        0x3 ff

.ARM.extab
 *(.ARM.extab* .gnu.linkonce.armextab.*)
                0x00000000080070f4                __exidx_start = .

.ARM.exidx
 *(.ARM.exidx* .gnu.linkonce.armexidx.*)
                0x00000000080070f4                __exidx_end = .

.ctors          0x00000000080070f4        0x0
 *crtbegin.o(.ctors)
 *(EXCLUDE_FILE(*crtend.o) .ctors)
 *(SORT_BY_NAME(.ctors.*))
 *(.ctors)
                0x00000000080070f4                . = ALIGN (0x4)

.dtors          0x00000000080070f4        0x0
 *crtbegin.o(.dtors)
 *(EXCLUDE_FILE(*crtend.o) .dtors)
 *(SORT_BY_NAME(.dtors.*))
 *(.dtors)
                0x00000000080070f4                . = ALIGN (0x4)

.eh_frame       0x00000000080070f4        0x4
 *(.eh_frame)
 .eh_frame      0x00000000080070f4        0x0 c:/devkitpro/devkitarm/bin/../lib/gcc/arm-none-eabi/12.2.0/thumb/crtbegin.o
 .eh_frame      0x00000000080070f4        0x4 c:/devkitpro/devkitarm/bin/../lib/gcc/arm-none-eabi/12.2.0/thumb/crtend.o
                0x00000000080070f8                . = ALIGN (0x4)

.gcc_except_table
                0x00000000080070f8        0x0
 *(.gcc_except_table)
                0x00000000080070f8                . = ALIGN (0x4)
                0x00000000080070f8                __iwram_lma = .

.iwram          0x0000000003000000      0x128 load address 0x00000000080070f8
                0x0000000003000000                __iwram_start__ = ABSOLUTE (.)
 *(.iwram .iwram*)
 .iwram         0x0000000003000000       0x38 C:/devkitPro/libtonc/lib\libtonc.a(tonc_memcpy.o)
                0x0000000003000000                memcpy32
 .iwram         0x0000000003000038       0xa4 C:/devkitPro/libtonc/lib\libtonc.a(tonc_isr_master.o)
                0x0000000003000038                isr_master
 .iwram         0x00000000030000dc       0x4c C:/devkitPro/libtonc/lib\libtonc.a(tonc_memset.o)
                0x00000000030000dc                memset32
 *iwram.*(.text* .data*)
                0x0000000003000128                . = ALIGN (0x4)
                0x0000000003000128                __iwram_end__ = ABSOLUTE (.)
                0x0000000008007220                __data_lma = (__iwram_lma + SIZEOF (.iwram))

.bss            0x0000000003000128      0x53c
                0x0000000003000128                __bss_start = ABSOLUTE (.)
                0x0000000003000128                __bss_start__ = ABSOLUTE (.)
 *(.dynbss)
 *(.gnu.linkonce.b*)
 *(.bss*)
 .bss.completed.1
                0x0000000003000128        0x1 c:/devkitpro/devkitarm/bin/../lib/gcc/arm-none-eabi/12.2.0/thumb/crtbegin.o
 *fill*         0x0000000003000129        0x3 
 .bss.object.0  0x000000000300012c       0x18 c:/devkitpro/devkitarm/bin/../lib/gcc/arm-none-eabi/12.2.0/thumb/crtbegin.o
 .bss           0x0000000003000144      0x410 render.o
                0x0000000003000144                spritememindex
                0x0000000003000148                pals
                0x0000000003000149                objs
                0x000000000300014c                cursor
                0x0000000003000150                metroid
                0x0000000003000154                obj_buffer
 .bss           0x0000000003000554        0x4 C:/devkitPro/libtonc/lib\libtonc.a(tonc_input.o)
                0x0000000003000554                __key_curr
                0x0000000003000556                __key_prev
 .bss.__malloc_current_mallinfo
                0x0000000003000558       0x28 c:/devkitpro/devkitarm/bin/../lib/gcc/arm-none-eabi/12.2.0/../../../../arm-none-eabi/lib/thumb\libg.a(lib_a-mallocr.o)
                0x0000000003000558                __malloc_current_mallinfo
 .bss.__malloc_max_total_mem
                0x0000000003000580        0x4 c:/devkitpro/devkitarm/bin/../lib/gcc/arm-none-eabi/12.2.0/../../../../arm-none-eabi/lib/thumb\libg.a(lib_a-mallocr.o)
                0x0000000003000580                __malloc_max_total_mem
 .bss.__malloc_max_sbrked_mem
                0x0000000003000584        0x4 c:/devkitpro/devkitarm/bin/../lib/gcc/arm-none-eabi/12.2.0/../../../../arm-none-eabi/lib/thumb\libg.a(lib_a-mallocr.o)
                0x0000000003000584                __malloc_max_sbrked_mem
 .bss.__malloc_top_pad
                0x0000000003000588        0x4 c:/devkitpro/devkitarm/bin/../lib/gcc/arm-none-eabi/12.2.0/../../../../arm-none-eabi/lib/thumb\libg.a(lib_a-mallocr.o)
                0x0000000003000588                __malloc_top_pad
 .bss.__malloc_recursive_mutex
                0x000000000300058c        0xc c:/devkitpro/devkitarm/bin/../lib/gcc/arm-none-eabi/12.2.0/../../../../arm-none-eabi/lib/thumb\libg.a(lib_a-mlock.o)
 .bss.heap_start.0
                0x0000000003000598        0x4 c:/devkitpro/devkitarm/bin/../lib/gcc/arm-none-eabi/12.2.0/../../../../arm-none-eabi/lib/thumb\libsysbase.a(sbrk.o)
 .bss.fake_heap_start
                0x000000000300059c        0x4 c:/devkitpro/devkitarm/bin/../lib/gcc/arm-none-eabi/12.2.0/../../../../arm-none-eabi/lib/thumb\libsysbase.a(malloc_vars.o)
                0x000000000300059c                fake_heap_start
 .bss.fake_heap_end
                0x00000000030005a0        0x4 c:/devkitpro/devkitarm/bin/../lib/gcc/arm-none-eabi/12.2.0/../../../../arm-none-eabi/lib/thumb\libsysbase.a(malloc_vars.o)
                0x00000000030005a0                fake_heap_end
 *(COMMON)
 COMMON         0x00000000030005a4       0x78 C:/devkitPro/libtonc/lib\libtonc.a(tonc_irq.o)
                0x00000000030005a4                __isr_table
 COMMON         0x000000000300061c       0x48 C:/devkitPro/libtonc/lib\libtonc.a(tte_main.o)
                0x000000000300061c                __tte_main_context
                0x0000000003000664                . = ALIGN (0x4)
                0x0000000003000664                __bss_end__ = ABSOLUTE (.)

.data           0x0000000003000664      0x8ec load address 0x0000000008007220
                0x0000000003000664                __data_start__ = ABSOLUTE (.)
 *(.data*)
 .data          0x0000000003000664       0x64 render.o
                0x0000000003000664                TSDATA
                0x0000000003000674                MAPSDATA
                0x0000000003000680                SPDATA
                0x00000000030006b0                SPATTR
                0x00000000030006c4                obj_aff_buffer
 .data          0x00000000030006c8        0x8 C:/devkitPro/libtonc/lib\libtonc.a(tonc_input.o)
                0x00000000030006c8                __key_rpt
 .data          0x00000000030006d0        0x4 C:/devkitPro/libtonc/lib\libtonc.a(tte_main.o)
                0x00000000030006d0                gp_tte_context
 .data.__malloc_sbrk_base
                0x00000000030006d4        0x4 c:/devkitpro/devkitarm/bin/../lib/gcc/arm-none-eabi/12.2.0/../../../../arm-none-eabi/lib/thumb\libg.a(lib_a-mallocr.o)
                0x00000000030006d4                __malloc_sbrk_base
 .data.__malloc_trim_threshold
                0x00000000030006d8        0x4 c:/devkitpro/devkitarm/bin/../lib/gcc/arm-none-eabi/12.2.0/../../../../arm-none-eabi/lib/thumb\libg.a(lib_a-mallocr.o)
                0x00000000030006d8                __malloc_trim_threshold
 *fill*         0x00000000030006dc        0x4 ff
 .data.__malloc_av_
                0x00000000030006e0      0x408 c:/devkitpro/devkitarm/bin/../lib/gcc/arm-none-eabi/12.2.0/../../../../arm-none-eabi/lib/thumb\libg.a(lib_a-mallocr.o)
                0x00000000030006e0                __malloc_av_
 .data._impure_ptr
                0x0000000003000ae8        0x4 c:/devkitpro/devkitarm/bin/../lib/gcc/arm-none-eabi/12.2.0/../../../../arm-none-eabi/lib/thumb\libg.a(lib_a-impure.o)
                0x0000000003000ae8                _impure_ptr
 *fill*         0x0000000003000aec        0x4 ff
 .data.impure_data
                0x0000000003000af0      0x460 c:/devkitpro/devkitarm/bin/../lib/gcc/arm-none-eabi/12.2.0/../../../../arm-none-eabi/lib/thumb\libg.a(lib_a-impure.o)
 *(.gnu.linkonce.d*)
                0x0000000003000f50                . = ALIGN (0x4)
                0x0000000008007b0c                __preinit_lma = (__data_lma + SIZEOF (.data))

.igot.plt       0x0000000003000f50        0x0 load address 0x0000000008007b0c
 .igot.plt      0x0000000003000f50        0x0 c:/devkitpro/devkitarm/bin/../lib/gcc/arm-none-eabi/12.2.0/../../../../arm-none-eabi/lib/thumb/gba_crt0.o

.preinit_array  0x0000000003000f50        0x0 load address 0x0000000008007b0c
                0x0000000003000f50                __preinit_array_start = ABSOLUTE (.)
 *(.preinit_array)
                0x0000000003000f50                __preinit_array_end = ABSOLUTE (.)
                0x0000000008007b0c                __init_lma = (__preinit_lma + SIZEOF (.preinit_array))

.init_array     0x0000000003000f50        0x4 load address 0x0000000008007b0c
                0x0000000003000f50                __init_array_start = ABSOLUTE (.)
 *(SORT_BY_NAME(.init_array.*))
 *(.init_array)
 .init_array    0x0000000003000f50        0x4 c:/devkitpro/devkitarm/bin/../lib/gcc/arm-none-eabi/12.2.0/thumb/crtbegin.o
                0x0000000003000f54                __init_array_end = ABSOLUTE (.)
                0x0000000008007b10                __fini_lma = (__init_lma + SIZEOF (.init_array))

.fini_array     0x0000000003000f54        0x4 load address 0x0000000008007b10
                0x0000000003000f54                __fini_array_start = ABSOLUTE (.)
 *(SORT_BY_NAME(.fini_array.*))
 *(.fini_array)
 .fini_array    0x0000000003000f54        0x4 c:/devkitpro/devkitarm/bin/../lib/gcc/arm-none-eabi/12.2.0/thumb/crtbegin.o
                0x0000000003000f58                __fini_array_end = ABSOLUTE (.)
                0x0000000008007b14                __jcr_lma = (__fini_lma + SIZEOF (.fini_array))

.jcr
 *(.jcr)
                0x0000000003000f58                __data_end__ = ABSOLUTE (.)
                0x0000000008007b14                __iwram_overlay_lma = (__jcr_lma + SIZEOF (.jcr))
                0x0000000003000f58                __iwram_overlay_start = .

.iwram0         0x0000000003000f58        0x0 load address 0x0000000008007b14
 *(.iwram0)
                0x0000000003000f58                . = ALIGN (0x4)
                0x0000000008007b14                PROVIDE (__load_start_iwram0 = LOADADDR (.iwram0))
                0x0000000008007b14                PROVIDE (__load_stop_iwram0 = (LOADADDR (.iwram0) + SIZEOF (.iwram0)))

.iwram1         0x0000000003000f58        0x0
 *(.iwram1)
                0x0000000003000f58                . = ALIGN (0x4)
                [!provide]                        PROVIDE (__load_start_iwram1 = LOADADDR (.iwram1))
                [!provide]                        PROVIDE (__load_stop_iwram1 = (LOADADDR (.iwram1) + SIZEOF (.iwram1)))

.iwram2         0x0000000003000f58        0x0
 *(.iwram2)
                0x0000000003000f58                . = ALIGN (0x4)
                [!provide]                        PROVIDE (__load_start_iwram2 = LOADADDR (.iwram2))
                [!provide]                        PROVIDE (__load_stop_iwram2 = (LOADADDR (.iwram2) + SIZEOF (.iwram2)))

.iwram3         0x0000000003000f58        0x0
 *(.iwram3)
                0x0000000003000f58                . = ALIGN (0x4)
                [!provide]                        PROVIDE (__load_start_iwram3 = LOADADDR (.iwram3))
                [!provide]                        PROVIDE (__load_stop_iwram3 = (LOADADDR (.iwram3) + SIZEOF (.iwram3)))

.iwram4         0x0000000003000f58        0x0
 *(.iwram4)
                0x0000000003000f58                . = ALIGN (0x4)
                [!provide]                        PROVIDE (__load_start_iwram4 = LOADADDR (.iwram4))
                [!provide]                        PROVIDE (__load_stop_iwram4 = (LOADADDR (.iwram4) + SIZEOF (.iwram4)))

.iwram5         0x0000000003000f58        0x0
 *(.iwram5)
                0x0000000003000f58                . = ALIGN (0x4)
                [!provide]                        PROVIDE (__load_start_iwram5 = LOADADDR (.iwram5))
                [!provide]                        PROVIDE (__load_stop_iwram5 = (LOADADDR (.iwram5) + SIZEOF (.iwram5)))

.iwram6         0x0000000003000f58        0x0
 *(.iwram6)
                0x0000000003000f58                . = ALIGN (0x4)
                [!provide]                        PROVIDE (__load_start_iwram6 = LOADADDR (.iwram6))
                [!provide]                        PROVIDE (__load_stop_iwram6 = (LOADADDR (.iwram6) + SIZEOF (.iwram6)))

.iwram7         0x0000000003000f58        0x0
 *(.iwram7)
                0x0000000003000f58                . = ALIGN (0x4)
                [!provide]                        PROVIDE (__load_start_iwram7 = LOADADDR (.iwram7))
                [!provide]                        PROVIDE (__load_stop_iwram7 = (LOADADDR (.iwram7) + SIZEOF (.iwram7)))

.iwram8         0x0000000003000f58        0x0
 *(.iwram8)
                0x0000000003000f58                . = ALIGN (0x4)
                [!provide]                        PROVIDE (__load_start_iwram8 = LOADADDR (.iwram8))
                [!provide]                        PROVIDE (__load_stop_iwram8 = (LOADADDR (.iwram8) + SIZEOF (.iwram8)))

.iwram9         0x0000000003000f58        0x0
 *(.iwram9)
                0x0000000003000f58                . = ALIGN (0x4)
                [!provide]                        PROVIDE (__load_start_iwram9 = LOADADDR (.iwram9))
                [!provide]                        PROVIDE (__load_stop_iwram9 = (LOADADDR (.iwram9) + SIZEOF (.iwram9)))
                0x0000000003000f58                __iwram_overlay_end = .
                0x0000000008007b14                __ewram_lma = (__iwram_overlay_lma + (__iwram_overlay_end - __iwram_overlay_start))
                0x0000000003000f58                __iheap_start = .
                0x0000000002000000                __ewram_start = ORIGIN (ewram)

.ewram          0x0000000002000000        0x0 load address 0x0000000008007b14
 *(.ewram*)
                0x0000000002000000                . = ALIGN (0x4)
                0x0000000002000000                __ewram_end = ABSOLUTE (.)
                0x0000000008007b14                __pad_lma = (__ewram_lma + SIZEOF (.ewram))

.sbss           0x0000000002000000        0x0
                0x0000000002000000                __sbss_start__ = ABSOLUTE (.)
 *(.sbss*)
                0x0000000002000000                . = ALIGN (0x4)
                0x0000000002000000                __sbss_end__ = ABSOLUTE (.)
                0x0000000002000000                __end__ = ABSOLUTE (.)
                0x0000000002000000                __eheap_start = ABSOLUTE (.)

.pad            0x0000000002000000        0x8 load address 0x0000000008007b14
                0x0000000002000000        0x4 LONG 0x52416b64
                0x0000000002000004        0x4 LONG 0x4d
                0x0000000002000008                . = ALIGN (0x4)
                0x0000000008007b1c                __rom_end__ = (__pad_lma + SIZEOF (.pad))

.rel.dyn        0x0000000002000008        0x0 load address 0x0000000008007b1c
 .rel.iplt      0x0000000002000008        0x0 c:/devkitpro/devkitarm/bin/../lib/gcc/arm-none-eabi/12.2.0/../../../../arm-none-eabi/lib/thumb/gba_crt0.o

.stab
 *(.stab)

.stabstr
 *(.stabstr)

.stab.excl
 *(.stab.excl)

.stab.exclstr
 *(.stab.exclstr)

.stab.index
 *(.stab.index)

.stab.indexstr
 *(.stab.indexstr)

.comment        0x0000000000000000       0x45
 *(.comment)
 .comment       0x0000000000000000       0x23 c:/devkitpro/devkitarm/bin/../lib/gcc/arm-none-eabi/12.2.0/thumb/crtbegin.o
                                         0x24 (size before relaxing)
 .comment       0x0000000000000023       0x24 game.o
 .comment       0x0000000000000023       0x24 input.o
 .comment       0x0000000000000023       0x24 main.o
 .comment       0x0000000000000023       0x24 map0.o
 .comment       0x0000000000000023       0x24 render.o
 .comment       0x0000000000000023       0x22 C:/devkitPro/libtonc/lib\libtonc.a(tonc_irq.o)
                                         0x23 (size before relaxing)
 .comment       0x0000000000000045       0x23 C:/devkitPro/libtonc/lib\libtonc.a(tonc_oam.o)
 .comment       0x0000000000000045       0x23 C:/devkitPro/libtonc/lib\libtonc.a(tonc_input.o)
 .comment       0x0000000000000045       0x23 C:/devkitPro/libtonc/lib\libtonc.a(tte_init_chr4c.o)
 .comment       0x0000000000000045       0x23 C:/devkitPro/libtonc/lib\libtonc.a(tte_main.o)
 .comment       0x0000000000000045       0x23 C:/devkitPro/libtonc/lib\libtonc.a(chr4c_drawg_b1cts.o)
 .comment       0x0000000000000045       0x23 C:/devkitPro/libtonc/lib\libtonc.a(tonc_schr4c.o)
 .comment       0x0000000000000045       0x23 C:/devkitPro/libtonc/lib\libtonc.a(tonc_surface.o)
 .comment       0x0000000000000045       0x24 c:/devkitpro/devkitarm/bin/../lib/gcc/arm-none-eabi/12.2.0/../../../../arm-none-eabi/lib/thumb\libg.a(lib_a-ctype_.o)
 .comment       0x0000000000000045       0x24 c:/devkitpro/devkitarm/bin/../lib/gcc/arm-none-eabi/12.2.0/../../../../arm-none-eabi/lib/thumb\libg.a(lib_a-init.o)
 .comment       0x0000000000000045       0x24 c:/devkitpro/devkitarm/bin/../lib/gcc/arm-none-eabi/12.2.0/../../../../arm-none-eabi/lib/thumb\libg.a(lib_a-malloc.o)
 .comment       0x0000000000000045       0x24 c:/devkitpro/devkitarm/bin/../lib/gcc/arm-none-eabi/12.2.0/../../../../arm-none-eabi/lib/thumb\libg.a(lib_a-mallocr.o)
 .comment       0x0000000000000045       0x24 c:/devkitpro/devkitarm/bin/../lib/gcc/arm-none-eabi/12.2.0/../../../../arm-none-eabi/lib/thumb\libg.a(lib_a-memset.o)
 .comment       0x0000000000000045       0x24 c:/devkitpro/devkitarm/bin/../lib/gcc/arm-none-eabi/12.2.0/../../../../arm-none-eabi/lib/thumb\libg.a(lib_a-mlock.o)
 .comment       0x0000000000000045       0x24 c:/devkitpro/devkitarm/bin/../lib/gcc/arm-none-eabi/12.2.0/../../../../arm-none-eabi/lib/thumb\libg.a(lib_a-strtol.o)
 .comment       0x0000000000000045       0x24 c:/devkitpro/devkitarm/bin/../lib/gcc/arm-none-eabi/12.2.0/../../../../arm-none-eabi/lib/thumb\libg.a(lib_a-errno.o)
 .comment       0x0000000000000045       0x24 c:/devkitpro/devkitarm/bin/../lib/gcc/arm-none-eabi/12.2.0/../../../../arm-none-eabi/lib/thumb\libg.a(lib_a-freer.o)
 .comment       0x0000000000000045       0x24 c:/devkitpro/devkitarm/bin/../lib/gcc/arm-none-eabi/12.2.0/../../../../arm-none-eabi/lib/thumb\libsysbase.a(sbrk.o)
 .comment       0x0000000000000045       0x24 c:/devkitpro/devkitarm/bin/../lib/gcc/arm-none-eabi/12.2.0/../../../../arm-none-eabi/lib/thumb\libsysbase.a(malloc_vars.o)
 .comment       0x0000000000000045       0x24 c:/devkitpro/devkitarm/bin/../lib/gcc/arm-none-eabi/12.2.0/../../../../arm-none-eabi/lib/thumb\libsysbase.a(getreent.o)
 .comment       0x0000000000000045       0x24 c:/devkitpro/devkitarm/bin/../lib/gcc/arm-none-eabi/12.2.0/../../../../arm-none-eabi/lib/thumb\libsysbase.a(syscall_support.o)
 .comment       0x0000000000000045       0x24 c:/devkitpro/devkitarm/bin/../lib/gcc/arm-none-eabi/12.2.0/../../../../arm-none-eabi/lib/thumb\libg.a(lib_a-impure.o)
 .comment       0x0000000000000045       0x24 c:/devkitpro/devkitarm/bin/../lib/gcc/arm-none-eabi/12.2.0/thumb/crtend.o

.debug
 *(.debug)

.line
 *(.line)

.debug_srcinfo
 *(.debug_srcinfo)

.debug_sfnames
 *(.debug_sfnames)

.debug_aranges  0x0000000000000000       0x98
 *(.debug_aranges)
 .debug_aranges
                0x0000000000000000       0x20 game.o
 .debug_aranges
                0x0000000000000020       0x20 input.o
 .debug_aranges
                0x0000000000000040       0x20 main.o
 .debug_aranges
                0x0000000000000060       0x18 map0.o
 .debug_aranges
                0x0000000000000078       0x20 render.o

.debug_pubnames
 *(.debug_pubnames)

.debug_info     0x0000000000000000     0x1658
 *(.debug_info)
 .debug_info    0x0000000000000000      0x13a game.o
 .debug_info    0x000000000000013a      0x197 input.o
 .debug_info    0x00000000000002d1      0x371 main.o
 .debug_info    0x0000000000000642      0x13d map0.o
 .debug_info    0x000000000000077f      0xed9 render.o

.debug_abbrev   0x0000000000000000      0x7e6
 *(.debug_abbrev)
 .debug_abbrev  0x0000000000000000       0xd5 game.o
 .debug_abbrev  0x00000000000000d5      0x126 input.o
 .debug_abbrev  0x00000000000001fb      0x141 main.o
 .debug_abbrev  0x000000000000033c       0x9e map0.o
 .debug_abbrev  0x00000000000003da      0x40c render.o

.debug_line     0x0000000000000000      0x980
 *(.debug_line)
 .debug_line    0x0000000000000000       0x85 game.o
 .debug_line    0x0000000000000085      0x2ad input.o
 .debug_line    0x0000000000000332      0x19e main.o
 .debug_line    0x00000000000004d0       0x82 map0.o
 .debug_line    0x0000000000000552      0x42e render.o

.debug_frame    0x0000000000000000      0x138
 *(.debug_frame)
 .debug_frame   0x0000000000000000       0x30 game.o
 .debug_frame   0x0000000000000030       0x38 input.o
 .debug_frame   0x0000000000000068       0x2c main.o
 .debug_frame   0x0000000000000094       0xa4 render.o

.debug_str      0x0000000000000000      0x6e0
 *(.debug_str)
 .debug_str     0x0000000000000000      0x171 game.o
                                        0x18f (size before relaxing)
 .debug_str     0x0000000000000171       0x65 input.o
                                        0x1a5 (size before relaxing)
 .debug_str     0x00000000000001d6       0xbf main.o
                                        0x24c (size before relaxing)
 .debug_str     0x0000000000000295       0xd0 map0.o
                                        0x1e7 (size before relaxing)
 .debug_str     0x0000000000000365      0x37b render.o
                                        0x5e3 (size before relaxing)

.debug_loc
 *(.debug_loc)

.debug_macinfo
 *(.debug_macinfo)

.debug_weaknames
 *(.debug_weaknames)

.debug_funcnames
 *(.debug_funcnames)

.debug_typenames
 *(.debug_typenames)

.debug_varnames
 *(.debug_varnames)

.stack          0x0000000000080000        0x0
                0x0000000000080000                _stack = .
 *(.stack)

.note.gnu.arm.ident
 *(.note.gnu.arm.ident)

.ARM.attributes
                0x0000000000000000       0x2c
 *(.ARM.attributes)
 .ARM.attributes
                0x0000000000000000       0x20 c:/devkitpro/devkitarm/bin/../lib/gcc/arm-none-eabi/12.2.0/../../../../arm-none-eabi/lib/thumb/gba_crt0.o
 .ARM.attributes
                0x0000000000000020       0x1c c:/devkitpro/devkitarm/bin/../lib/gcc/arm-none-eabi/12.2.0/thumb/crti.o
 .ARM.attributes
                0x000000000000003c       0x2a c:/devkitpro/devkitarm/bin/../lib/gcc/arm-none-eabi/12.2.0/thumb/crtbegin.o
 .ARM.attributes
                0x0000000000000066       0x2a game.o
 .ARM.attributes
                0x0000000000000090       0x2a input.o
 .ARM.attributes
                0x00000000000000ba       0x2a main.o
 .ARM.attributes
                0x00000000000000e4       0x2a map0.o
 .ARM.attributes
                0x000000000000010e       0x2a render.o
 .ARM.attributes
                0x0000000000000138       0x1a curs.o
 .ARM.attributes
                0x0000000000000152       0x1a metr.o
 .ARM.attributes
                0x000000000000016c       0x1a test.o
 .ARM.attributes
                0x0000000000000186       0x1a tsfield.o
 .ARM.attributes
                0x00000000000001a0       0x2a C:/devkitPro/libtonc/lib\libtonc.a(tonc_irq.o)
 .ARM.attributes
                0x00000000000001ca       0x2a C:/devkitPro/libtonc/lib\libtonc.a(tonc_oam.o)
 .ARM.attributes
                0x00000000000001f4       0x2a C:/devkitPro/libtonc/lib\libtonc.a(tonc_input.o)
 .ARM.attributes
                0x000000000000021e       0x2a C:/devkitPro/libtonc/lib\libtonc.a(tte_init_chr4c.o)
 .ARM.attributes
                0x0000000000000248       0x2a C:/devkitPro/libtonc/lib\libtonc.a(tte_main.o)
 .ARM.attributes
                0x0000000000000272       0x2a C:/devkitPro/libtonc/lib\libtonc.a(chr4c_drawg_b1cts.o)
 .ARM.attributes
                0x000000000000029c       0x1a C:/devkitPro/libtonc/lib\libtonc.a(tonc_bios.o)
 .ARM.attributes
                0x00000000000002b6       0x1a C:/devkitPro/libtonc/lib\libtonc.a(tonc_memcpy.o)
 .ARM.attributes
                0x00000000000002d0       0x1a C:/devkitPro/libtonc/lib\libtonc.a(tonc_bios_ex.o)
 .ARM.attributes
                0x00000000000002ea       0x1a C:/devkitPro/libtonc/lib\libtonc.a(tonc_isr_master.o)
 .ARM.attributes
                0x0000000000000304       0x1a C:/devkitPro/libtonc/lib\libtonc.a(tonc_memset.o)
 .ARM.attributes
                0x000000000000031e       0x1a C:/devkitPro/libtonc/lib\libtonc.a(verdana9.o)
 .ARM.attributes
                0x0000000000000338       0x1a C:/devkitPro/libtonc/lib\libtonc.a(sys8.o)
 .ARM.attributes
                0x0000000000000352       0x2a C:/devkitPro/libtonc/lib\libtonc.a(tonc_schr4c.o)
 .ARM.attributes
                0x000000000000037c       0x2a C:/devkitPro/libtonc/lib\libtonc.a(tonc_surface.o)
 .ARM.attributes
                0x00000000000003a6       0x1c c:/devkitpro/devkitarm/bin/../lib/gcc/arm-none-eabi/12.2.0/thumb\libgcc.a(_divsi3.o)
 .ARM.attributes
                0x00000000000003c2       0x1c c:/devkitpro/devkitarm/bin/../lib/gcc/arm-none-eabi/12.2.0/thumb\libgcc.a(_dvmd_tls.o)
 .ARM.attributes
                0x00000000000003de       0x2a c:/devkitpro/devkitarm/bin/../lib/gcc/arm-none-eabi/12.2.0/../../../../arm-none-eabi/lib/thumb\libg.a(lib_a-ctype_.o)
 .ARM.attributes
                0x0000000000000408       0x2a c:/devkitpro/devkitarm/bin/../lib/gcc/arm-none-eabi/12.2.0/../../../../arm-none-eabi/lib/thumb\libg.a(lib_a-init.o)
 .ARM.attributes
                0x0000000000000432       0x2a c:/devkitpro/devkitarm/bin/../lib/gcc/arm-none-eabi/12.2.0/../../../../arm-none-eabi/lib/thumb\libg.a(lib_a-malloc.o)
 .ARM.attributes
                0x000000000000045c       0x2a c:/devkitpro/devkitarm/bin/../lib/gcc/arm-none-eabi/12.2.0/../../../../arm-none-eabi/lib/thumb\libg.a(lib_a-mallocr.o)
 .ARM.attributes
                0x0000000000000486       0x2a c:/devkitpro/devkitarm/bin/../lib/gcc/arm-none-eabi/12.2.0/../../../../arm-none-eabi/lib/thumb\libg.a(lib_a-memset.o)
 .ARM.attributes
                0x00000000000004b0       0x2a c:/devkitpro/devkitarm/bin/../lib/gcc/arm-none-eabi/12.2.0/../../../../arm-none-eabi/lib/thumb\libg.a(lib_a-mlock.o)
 .ARM.attributes
                0x00000000000004da       0x2a c:/devkitpro/devkitarm/bin/../lib/gcc/arm-none-eabi/12.2.0/../../../../arm-none-eabi/lib/thumb\libg.a(lib_a-strtol.o)
 .ARM.attributes
                0x0000000000000504       0x2a c:/devkitpro/devkitarm/bin/../lib/gcc/arm-none-eabi/12.2.0/../../../../arm-none-eabi/lib/thumb\libg.a(lib_a-errno.o)
 .ARM.attributes
                0x000000000000052e       0x2a c:/devkitpro/devkitarm/bin/../lib/gcc/arm-none-eabi/12.2.0/../../../../arm-none-eabi/lib/thumb\libg.a(lib_a-freer.o)
 .ARM.attributes
                0x0000000000000558       0x2a c:/devkitpro/devkitarm/bin/../lib/gcc/arm-none-eabi/12.2.0/../../../../arm-none-eabi/lib/thumb\libsysbase.a(sbrk.o)
 .ARM.attributes
                0x0000000000000582       0x2a c:/devkitpro/devkitarm/bin/../lib/gcc/arm-none-eabi/12.2.0/../../../../arm-none-eabi/lib/thumb\libsysbase.a(malloc_vars.o)
 .ARM.attributes
                0x00000000000005ac       0x2a c:/devkitpro/devkitarm/bin/../lib/gcc/arm-none-eabi/12.2.0/../../../../arm-none-eabi/lib/thumb\libsysbase.a(getreent.o)
 .ARM.attributes
                0x00000000000005d6       0x2a c:/devkitpro/devkitarm/bin/../lib/gcc/arm-none-eabi/12.2.0/../../../../arm-none-eabi/lib/thumb\libsysbase.a(syscall_support.o)
 .ARM.attributes
                0x0000000000000600       0x1c c:/devkitpro/devkitarm/bin/../lib/gcc/arm-none-eabi/12.2.0/thumb\libgcc.a(_udivsi3.o)
 .ARM.attributes
                0x000000000000061c       0x2a c:/devkitpro/devkitarm/bin/../lib/gcc/arm-none-eabi/12.2.0/../../../../arm-none-eabi/lib/thumb\libg.a(lib_a-impure.o)
 .ARM.attributes
                0x0000000000000646       0x2a c:/devkitpro/devkitarm/bin/../lib/gcc/arm-none-eabi/12.2.0/thumb/crtend.o
 .ARM.attributes
                0x0000000000000670       0x1c c:/devkitpro/devkitarm/bin/../lib/gcc/arm-none-eabi/12.2.0/thumb/crtn.o

/DISCARD/
 *(.note.GNU-stack)
LOAD c:/devkitpro/devkitarm/bin/../lib/gcc/arm-none-eabi/12.2.0/../../../../arm-none-eabi/lib/thumb/gba_crt0.o
LOAD c:/devkitpro/devkitarm/bin/../lib/gcc/arm-none-eabi/12.2.0/thumb/crti.o
LOAD c:/devkitpro/devkitarm/bin/../lib/gcc/arm-none-eabi/12.2.0/thumb/crtbegin.o
LOAD game.o
LOAD input.o
LOAD main.o
LOAD map0.o
LOAD render.o
LOAD curs.o
LOAD metr.o
LOAD test.o
LOAD tsfield.o
LOAD C:/devkitPro/libgba/lib\libmm.a
LOAD C:/devkitPro/libtonc/lib\libtonc.a
START GROUP
LOAD c:/devkitpro/devkitarm/bin/../lib/gcc/arm-none-eabi/12.2.0/thumb\libgcc.a
LOAD c:/devkitpro/devkitarm/bin/../lib/gcc/arm-none-eabi/12.2.0/../../../../arm-none-eabi/lib/thumb\libg.a
LOAD c:/devkitpro/devkitarm/bin/../lib/gcc/arm-none-eabi/12.2.0/../../../../arm-none-eabi/lib/thumb\libc.a
LOAD c:/devkitpro/devkitarm/bin/../lib/gcc/arm-none-eabi/12.2.0/../../../../arm-none-eabi/lib/thumb\libsysbase.a
END GROUP
LOAD c:/devkitpro/devkitarm/bin/../lib/gcc/arm-none-eabi/12.2.0/thumb/crtend.o
LOAD c:/devkitpro/devkitarm/bin/../lib/gcc/arm-none-eabi/12.2.0/thumb/crtn.o
OUTPUT(C:/Users/tranh22/examples/SRPG/SRPG.elf elf32-littlearm)
LOAD linker stubs

.debug_loclists
                0x0000000000000000      0x2c5
 .debug_loclists
                0x0000000000000000       0x30 game.o
 .debug_loclists
                0x0000000000000030       0x4c input.o
 .debug_loclists
                0x000000000000007c       0x48 main.o
 .debug_loclists
                0x00000000000000c4      0x201 render.o

.debug_rnglists
                0x0000000000000000       0x70
 .debug_rnglists
                0x0000000000000000       0x13 main.o
 .debug_rnglists
                0x0000000000000013       0x5d render.o
